// Jest Snapshot v1, https://goo.gl/fbAQLP

exports[`HoneycombAlertSource event alert 1`] = `
"URL: https://api.test.cyberworlds.com/posts
Channel: 6dvn4zd99fwvzehdcjhmb0h1s0

## ℹ️ Event: User Signups

[View Result](https://ui.honeycomb.io/cyberworlds/environments/production/result/znqGGwhdYP6/a/pwzJA4FzA1C)

*New user registration detected*
"
`;

exports[`HoneycombAlertSource event alert with custom emoji 1`] = `
"URL: https://api.test.cyberworlds.com/posts
Channel: 6dvn4zd99fwvzehdcjhmb0h1s0

## 🎉 Event: User Signups

[View Result](https://ui.honeycomb.io/cyberworlds/environments/production/result/znqGGwhdYP6/a/pwzJA4FzA1C)

*New user registration detected*
"
`;

exports[`HoneycombAlertSource resolved alert 1`] = `
"URL: https://api.test.cyberworlds.com/posts
Channel: 6dvn4zd99fwvzehdcjhmb0h1s0

## ✅ Trigger: Database Connection Error

[View Result](https://ui.honeycomb.io/cyberworlds/environments/production/result/znqGGwhdYP6/a/pwzJA4FzA1C)

*High error rate detected in database connections*

**Measurement has returned to normal status.**
"
`;

exports[`HoneycombAlertSource staging environment alert 1`] = `
"URL: https://api.test.cyberworlds.com/posts
Channel: 6dvn4zd99fwvzehdcjhmb0h1s0

## 🚨 Trigger: Database Connection Error

[View Result](https://ui.honeycomb.io/cyberworlds/environments/production/result/znqGGwhdYP6/a/pwzJA4FzA1C)

*High error rate detected in database connections*

Environment: staging
"
`;

exports[`HoneycombAlertSource triggered alert 1`] = `
"URL: https://api.test.cyberworlds.com/posts
Channel: 6dvn4zd99fwvzehdcjhmb0h1s0

## 🚨 Trigger: Database Connection Error

[View Result](https://ui.honeycomb.io/cyberworlds/environments/production/result/znqGGwhdYP6/a/pwzJA4FzA1C)

*High error rate detected in database connections*
"
`;

exports[`HoneycombAlertSource webhook payload data aggregates by non-user columns and shows user mentions at bottom 1`] = `
"URL: https://api.test.cyberworlds.com/posts
Channel: 6dvn4zd99fwvzehdcjhmb0h1s0

## 🚨 Trigger: Database Connection Error

[View Result](https://ui.honeycomb.io/cyberworlds/environments/production/result/znqGGwhdYP6/a/pwzJA4FzA1C)

*High error rate detected in database connections*

| error.type | Count |
| - | - |
| ConnectionError | 8 |
| TimeoutError | 2<span hidden data-column-widths="1,0.000001"/> |

[Unknown](https://alpine.inc/s/test_space_id_for_snapshots/accounts/7dw297xezx6rs6qy4gjh6h5xx4?mention=short) [Unknown](https://alpine.inc/s/test_space_id_for_snapshots/accounts/jttc8n911at1wxt0b8rm75n270?mention=short)
"
`;

exports[`HoneycombAlertSource webhook payload data displays groupsTriggered data in a table with keys as headers 1`] = `
"URL: https://api.test.cyberworlds.com/posts
Channel: 6dvn4zd99fwvzehdcjhmb0h1s0

## 🚨 Trigger: Database Connection Error

[View Result](https://ui.honeycomb.io/cyberworlds/environments/production/result/znqGGwhdYP6/a/pwzJA4FzA1C)

*High error rate detected in database connections*

| error.type | service.name | Count |
| - | - | - |
| ConnectionError | api-gateway | 5 |
| TimeoutError | database | 3<span hidden data-column-widths="1,1,0.000001"/> |
"
`;

exports[`HoneycombAlertSource webhook payload data formats exception columns with inline code 1`] = `
"URL: https://api.test.cyberworlds.com/posts
Channel: 6dvn4zd99fwvzehdcjhmb0h1s0

## 🚨 Trigger: Database Connection Error

[View Result](https://ui.honeycomb.io/cyberworlds/environments/production/result/znqGGwhdYP6/a/pwzJA4FzA1C)

*High error rate detected in database connections*

| exception.message | exception.type | service.name | Count |
| - | - | - | - |
| \`Connection refused\` | \`NetworkError\` | api-gateway | 5 |
| \`Timeout exceeded\` | \`TimeoutError\` | database | 3<span hidden data-column-widths="1,1,1,0.000001"/> |
"
`;

exports[`HoneycombAlertSource webhook payload data renders single group as a table 1`] = `
"URL: https://api.test.cyberworlds.com/posts
Channel: 6dvn4zd99fwvzehdcjhmb0h1s0

## 🚨 Trigger: Database Connection Error

[View Result](https://ui.honeycomb.io/cyberworlds/environments/production/result/znqGGwhdYP6/a/pwzJA4FzA1C)

*High error rate detected in database connections*

| exception.message | exception.type | service.name | Count |
| - | - | - | - |
| \`Connection refused\` | \`NetworkError\` | api-gateway | 5<span hidden data-column-widths="1,1,1,0.000001"/> |
"
`;

exports[`HoneycombAlertSource webhook payload data shows no table when groupsTriggered is empty 1`] = `
"URL: https://api.test.cyberworlds.com/posts
Channel: 6dvn4zd99fwvzehdcjhmb0h1s0

## 🚨 Trigger: Database Connection Error

[View Result](https://ui.honeycomb.io/cyberworlds/environments/production/result/znqGGwhdYP6/a/pwzJA4FzA1C)

*High error rate detected in database connections*
"
`;

exports[`HoneycombAlertSource webhook payload data shows only user mentions when context.known_account.name is the only key 1`] = `
"URL: https://api.test.cyberworlds.com/posts
Channel: 6dvn4zd99fwvzehdcjhmb0h1s0

## 🚨 Trigger: Database Connection Error

[View Result](https://ui.honeycomb.io/cyberworlds/environments/production/result/znqGGwhdYP6/a/pwzJA4FzA1C)

*High error rate detected in database connections*

[Unknown](https://alpine.inc/s/test_space_id_for_snapshots/accounts/7dw297xezx6rs6qy4gjh6h5xx4?mention=short) [Unknown](https://alpine.inc/s/test_space_id_for_snapshots/accounts/jttc8n911at1wxt0b8rm75n270?mention=short)
"
`;

exports[`HoneycombAlertSource webhook payload data truncates results to 5 and shows remaining count 1`] = `
"URL: https://api.test.cyberworlds.com/posts
Channel: 6dvn4zd99fwvzehdcjhmb0h1s0

## 🚨 Trigger: Database Connection Error

[View Result](https://ui.honeycomb.io/cyberworlds/environments/production/result/znqGGwhdYP6/a/pwzJA4FzA1C)

*High error rate detected in database connections*

| error | Count |
| - | - |
| Error 1 | 1 |
| Error 2 | 2 |
| Error 3 | 3 |
| Error 4 | 4 |
| Error 5 | 5<span hidden data-column-widths="1,0.000001"/> |

*(2 more results...)*
"
`;
