// Jest Snapshot v1, https://goo.gl/fbAQLP

exports[`HoneycombAlertSource comments on an open task when a Honeycomb task title already exists 1`] = `
"URL: https://api.test.cyberworlds.com/tasks/existing-task/messages

### This happened again [7 times](https://ui.honeycomb.io/cyberworlds/environments/production/result/znqGGwhdYP6/a/pwzJA4FzA1C)

**exception.cause.message:&#x20;**\`Root cause title\`
"
`;

exports[`HoneycombAlertSource creates a task for each Honeycomb task payload row 1`] = `
[
  "URL: https://api.test.cyberworlds.com/tasks
Title: [/settings] AssertionError: Root cause title
Priority: Low

## Honeycomb: Database Connection Error

[View Result](https://ui.honeycomb.io/cyberworlds/environments/production/result/znqGGwhdYP6/a/pwzJA4FzA1C)

*High error rate detected in database connections*

Occurrences: 2

**context.route:&#x20;**/settings

**exception.cause.type:&#x20;**\`AssertionError\`

**exception.cause.message:&#x20;**\`Root cause title\`

**exception.message:&#x20;**\`Outer error\`
",
  "URL: https://api.test.cyberworlds.com/tasks
Title: RouteError: Route exploded
Priority: Low

## Honeycomb: Database Connection Error

[View Result](https://ui.honeycomb.io/cyberworlds/environments/production/result/znqGGwhdYP6/a/pwzJA4FzA1C)

*High error rate detected in database connections*

Occurrences: 1

**exception.type:&#x20;**\`RouteError\`

**exception.message:&#x20;**\`Route exploded\`
",
  "URL: https://api.test.cyberworlds.com/tasks
Title: [/api] TimeoutError
Priority: Low

## Honeycomb: Database Connection Error

[View Result](https://ui.honeycomb.io/cyberworlds/environments/production/result/znqGGwhdYP6/a/pwzJA4FzA1C)

*High error rate detected in database connections*

Occurrences: 3

**context.route:&#x20;**/api

**exception.type:&#x20;**\`TimeoutError\`
",
  "URL: https://api.test.cyberworlds.com/tasks
Title: api Timeout
Priority: Low

## Honeycomb: Database Connection Error

[View Result](https://ui.honeycomb.io/cyberworlds/environments/production/result/znqGGwhdYP6/a/pwzJA4FzA1C)

*High error rate detected in database connections*

Occurrences: 4

**service.name:&#x20;**&#x61;pi

**error.type:&#x20;**&#x54;imeout

**count:&#x20;**&#x31;00
",
]
`;

exports[`HoneycombAlertSource event alert 1`] = `
"URL: https://api.test.cyberworlds.com/posts
Channel: 6dvn4zd99fwvzehdcjhmb0h1s0

## ℹ️ Event: User Signups

[View Result](https://ui.honeycomb.io/cyberworlds/environments/production/result/znqGGwhdYP6/a/pwzJA4FzA1C)

*New user registration detected*
"
`;

exports[`HoneycombAlertSource event alert with custom emoji 1`] = `
"URL: https://api.test.cyberworlds.com/posts
Channel: 6dvn4zd99fwvzehdcjhmb0h1s0

## 🎉 Event: User Signups

[View Result](https://ui.honeycomb.io/cyberworlds/environments/production/result/znqGGwhdYP6/a/pwzJA4FzA1C)

*New user registration detected*
"
`;

exports[`HoneycombAlertSource falls back to the Honeycomb channel for unsupported channel names 1`] = `
"URL: https://api.test.cyberworlds.com/posts
Channel: 6dvn4zd99fwvzehdcjhmb0h1s0

## 🚨 Trigger: Database Connection Error

[View Result](https://ui.honeycomb.io/cyberworlds/environments/production/result/znqGGwhdYP6/a/pwzJA4FzA1C)

*High error rate detected in database connections*
"
`;

exports[`HoneycombAlertSource posts a task preview when bumping priority for a task channel 1`] = `
"URL: https://api.test.cyberworlds.com/posts
Channel: 6dvn4zd99fwvzehdcjhmb0h1s0

## 🚨 Database Connection Error

[View Result](https://ui.honeycomb.io/cyberworlds/environments/production/result/znqGGwhdYP6/a/pwzJA4FzA1C)

Bumped priority to **High**

![Root cause title](https://alpine.inc/task/existing-task/preview)
"
`;

exports[`HoneycombAlertSource posts a warning task preview when bumping priority to medium 1`] = `
"URL: https://api.test.cyberworlds.com/posts
Channel: 6dvn4zd99fwvzehdcjhmb0h1s0

## ⚠️ Database Connection Error

[View Result](https://ui.honeycomb.io/cyberworlds/environments/production/result/znqGGwhdYP6/a/pwzJA4FzA1C)

Bumped priority to **Medium**

![Root cause title](https://alpine.inc/task/existing-task/preview)
"
`;

exports[`HoneycombAlertSource posts a warning task preview when payload priority is medium 1`] = `
"URL: https://api.test.cyberworlds.com/posts
Channel: 6dvn4zd99fwvzehdcjhmb0h1s0

## ⚠️ Database Connection Error

[View Result](https://ui.honeycomb.io/cyberworlds/environments/production/result/znqGGwhdYP6/a/pwzJA4FzA1C)

![Root cause title](https://alpine.inc/task/task-1/preview)
"
`;

exports[`HoneycombAlertSource posts an alert task preview when payload priority is high 1`] = `
"URL: https://api.test.cyberworlds.com/posts
Channel: 6dvn4zd99fwvzehdcjhmb0h1s0

## 🚨 Database Connection Error

[View Result](https://ui.honeycomb.io/cyberworlds/environments/production/result/znqGGwhdYP6/a/pwzJA4FzA1C)

![Root cause title](https://alpine.inc/task/task-1/preview)
"
`;

exports[`HoneycombAlertSource posts an alert task preview when payload priority skips medium 1`] = `
"URL: https://api.test.cyberworlds.com/posts
Channel: 6dvn4zd99fwvzehdcjhmb0h1s0

## 🚨 Database Connection Error

[View Result](https://ui.honeycomb.io/cyberworlds/environments/production/result/znqGGwhdYP6/a/pwzJA4FzA1C)

Bumped priority to **High**

![Root cause title](https://alpine.inc/task/existing-task/preview)
"
`;

exports[`HoneycombAlertSource posts to alerts when the Alpine API rejects an alert 1`] = `
"URL: https://api.test.cyberworlds.com/posts
Channel: qt3xsqhh2fed7t8fyqnbfw0m3g

## Alpine API error while processing alert

POST /posts returned HTTP 400: Bad Request.

**Data received:**

\`\`\`json
{
  "body": {
    "name": "Database Connection Error",
    "channel": "honeycomb",
    "isEvent": "false",
    "emoji": "",
    "id": "hc-alert-123",
    "description": "High error rate detected in database connections",
    "environment": "production",
    "links": {
      "trigger": "https://ui.honeycomb.io/cyberworlds/triggers/db-error-trigger",
      "result": "https://ui.honeycomb.io/cyberworlds/environments/production/result/znqGGwhdYP6/a/pwzJA4FzA1C"
    },
    "threshold": {
      "op": ">",
      "value": "5"
    },
    "result": {
      "groupsTriggered": []
    },
    "alert": {
      "instanceId": "alert-instance-456",
      "description": "Database connection errors exceeded threshold",
      "status": "triggered",
      "summary": "Database errors are spiking",
      "isTest": false
    },
    "groupsTriggered": [
      {
        "group": [
          {
            "key": "exception.message",
            "value": "Connection refused"
          }
        ],
        "result": 1
      }
    ]
  },
  "headers": {
    "content-type": "application/json",
    "x-honeycomb-webhook-token": "[REDACTED]"
  },
  "httpMethod": "POST",
  "requestContext": {
    "http": {
      "method": "POST",
      "path": "/send-alert",
      "sourceIp": "127.0.0.1"
    }
  }
}
\`\`\`

**API request:**

\`\`\`json
{
  "method": "POST",
  "endpoint": "/posts",
  "url": "https://api.test.cyberworlds.com/posts",
  "headers": {
    "Content-Type": "application/json",
    "Authorization": "[REDACTED]"
  }
}
\`\`\`

**API response:**

\`\`\`json
{
  "status": 400,
  "statusText": "Bad Request",
  "body": {
    "error": {
      "message": "Invalid request body (path: \`#/content/elements/3\`).",
      "retry": {
        "able": false
      }
    }
  }
}
\`\`\`

**Data sent:**

\`\`\`json
{
  "channelId": "6dvn4zd99fwvzehdcjhmb0h1s0",
  "content": {
    "elements": [
      {
        "type": "Heading",
        "level": 2,
        "elements": [
          {
            "type": "Text",
            "text": "🚨 Trigger: Database Connection Error"
          }
        ]
      },
      {
        "type": "Paragraph",
        "elements": [
          {
            "type": "Text",
            "text": "View Result",
            "marks": [
              {
                "type": "Link",
                "url": "https://ui.honeycomb.io/cyberworlds/environments/production/result/znqGGwhdYP6/a/pwzJA4FzA1C"
              }
            ]
          }
        ]
      },
      {
        "type": "Paragraph",
        "elements": [
          {
            "type": "Text",
            "text": "High error rate detected in database connections",
            "marks": [
              {
                "type": "Italic"
              }
            ]
          }
        ]
      },
      {
        "type": "Table",
        "width": 1,
        "hasHeaderRow": true,
        "columns": [
          {
            "width": 1
          },
          {
            "width": 0.000001
          }
        ],
        "rows": [
          {
            "cells": [
              {
                "elements": [
                  {
                    "type": "Paragraph",
                    "elements": [
                      {
                        "type": "Text",
                        "text": "exception.message"
                      }
                    ]
                  }
                ]
              },
              {
                "elements": [
                  {
                    "type": "Paragraph",
                    "elements": [
                      {
                        "type": "Text",
                        "text": "Count"
                      }
                    ]
                  }
                ]
              }
            ]
          },
          {
            "cells": [
              {
                "elements": [
                  {
                    "type": "Paragraph",
                    "elements": [
                      {
                        "type": "Text",
                        "text": "Connection refused",
                        "marks": [
                          {
                            "type": "Code"
                          }
                        ]
                      }
                    ]
                  }
                ]
              },
              {
                "elements": [
                  {
                    "type": "Paragraph",
                    "elements": [
                      {
                        "type": "Text",
                        "text": "1"
                      }
                    ]
                  }
                ]
              }
            ]
          }
        ]
      }
    ]
  }
}
\`\`\`
"
`;

exports[`HoneycombAlertSource resolved alert 1`] = `
"URL: https://api.test.cyberworlds.com/posts
Channel: 6dvn4zd99fwvzehdcjhmb0h1s0

## ✅ Trigger: Database Connection Error

[View Result](https://ui.honeycomb.io/cyberworlds/environments/production/result/znqGGwhdYP6/a/pwzJA4FzA1C)

*High error rate detected in database connections*

**Measurement has returned to normal status.**
"
`;

exports[`HoneycombAlertSource staging environment alert 1`] = `
"URL: https://api.test.cyberworlds.com/posts
Channel: 6dvn4zd99fwvzehdcjhmb0h1s0

## 🚨 Trigger: Database Connection Error

[View Result](https://ui.honeycomb.io/cyberworlds/environments/production/result/znqGGwhdYP6/a/pwzJA4FzA1C)

*High error rate detected in database connections*

Environment: staging
"
`;

exports[`HoneycombAlertSource starts Honeycomb task payload rows at the requested priority 1`] = `
"URL: https://api.test.cyberworlds.com/tasks
Title: Root cause title
Priority: High

## Honeycomb: Database Connection Error

[View Result](https://ui.honeycomb.io/cyberworlds/environments/production/result/znqGGwhdYP6/a/pwzJA4FzA1C)

*High error rate detected in database connections*

Occurrences: 1

**exception.cause.message:&#x20;**\`Root cause title\`
"
`;

exports[`HoneycombAlertSource treats numeric isEvent as an event alert 1`] = `
"URL: https://api.test.cyberworlds.com/posts
Channel: 6dvn4zd99fwvzehdcjhmb0h1s0

## ℹ️ Event: Deploy Marker

[View Result](https://ui.honeycomb.io/cyberworlds/environments/production/result/znqGGwhdYP6/a/pwzJA4FzA1C)

*Deploy marker detected*
"
`;

exports[`HoneycombAlertSource triggered alert 1`] = `
"URL: https://api.test.cyberworlds.com/posts
Channel: 6dvn4zd99fwvzehdcjhmb0h1s0

## 🚨 Trigger: Database Connection Error

[View Result](https://ui.honeycomb.io/cyberworlds/environments/production/result/znqGGwhdYP6/a/pwzJA4FzA1C)

*High error rate detected in database connections*
"
`;

exports[`HoneycombAlertSource uses the neutral emoji for unknown trigger statuses 1`] = `
"URL: https://api.test.cyberworlds.com/posts
Channel: 6dvn4zd99fwvzehdcjhmb0h1s0

## ℹ️ Trigger: Database Connection Error

[View Result](https://ui.honeycomb.io/cyberworlds/environments/production/result/znqGGwhdYP6/a/pwzJA4FzA1C)

*High error rate detected in database connections*
"
`;

exports[`HoneycombAlertSource webhook payload data aggregates by non-user columns and shows user mentions at bottom 1`] = `
"URL: https://api.test.cyberworlds.com/posts
Channel: 6dvn4zd99fwvzehdcjhmb0h1s0

## 🚨 Trigger: Database Connection Error

[View Result](https://ui.honeycomb.io/cyberworlds/environments/production/result/znqGGwhdYP6/a/pwzJA4FzA1C)

*High error rate detected in database connections*

| error.type | Count |
| - | - |
| ConnectionError | 8 |
| TimeoutError | 2<span hidden data-column-widths="1,0.000001"/> |

[Unknown](https://alpine.inc/mention/7dw297xezx6rs6qy4gjh6h5xx4#short) [Unknown](https://alpine.inc/mention/jttc8n911at1wxt0b8rm75n270#short)
"
`;

exports[`HoneycombAlertSource webhook payload data displays groupsTriggered data in a table with keys as headers 1`] = `
"URL: https://api.test.cyberworlds.com/posts
Channel: 6dvn4zd99fwvzehdcjhmb0h1s0

## 🚨 Trigger: Database Connection Error

[View Result](https://ui.honeycomb.io/cyberworlds/environments/production/result/znqGGwhdYP6/a/pwzJA4FzA1C)

*High error rate detected in database connections*

| error.type | service.name | Count |
| - | - | - |
| ConnectionError | api-gateway | 5 |
| TimeoutError | database | 3<span hidden data-column-widths="1,1,0.000001"/> |
"
`;

exports[`HoneycombAlertSource webhook payload data formats exception columns with inline code 1`] = `
"URL: https://api.test.cyberworlds.com/posts
Channel: 6dvn4zd99fwvzehdcjhmb0h1s0

## 🚨 Trigger: Database Connection Error

[View Result](https://ui.honeycomb.io/cyberworlds/environments/production/result/znqGGwhdYP6/a/pwzJA4FzA1C)

*High error rate detected in database connections*

| exception.message | exception.type | service.name | Count |
| - | - | - | - |
| \`Connection refused\` | \`NetworkError\` | api-gateway | 5 |
| \`Timeout exceeded\` | \`TimeoutError\` | database | 3<span hidden data-column-widths="1,1,1,0.000001"/> |
"
`;

exports[`HoneycombAlertSource webhook payload data renders single group as a table 1`] = `
"URL: https://api.test.cyberworlds.com/posts
Channel: 6dvn4zd99fwvzehdcjhmb0h1s0

## 🚨 Trigger: Database Connection Error

[View Result](https://ui.honeycomb.io/cyberworlds/environments/production/result/znqGGwhdYP6/a/pwzJA4FzA1C)

*High error rate detected in database connections*

| exception.message | exception.type | service.name | Count |
| - | - | - | - |
| \`Connection refused\` | \`NetworkError\` | api-gateway | 5<span hidden data-column-widths="1,1,1,0.000001"/> |
"
`;

exports[`HoneycombAlertSource webhook payload data shows no table when groupsTriggered is empty 1`] = `
"URL: https://api.test.cyberworlds.com/posts
Channel: 6dvn4zd99fwvzehdcjhmb0h1s0

## 🚨 Trigger: Database Connection Error

[View Result](https://ui.honeycomb.io/cyberworlds/environments/production/result/znqGGwhdYP6/a/pwzJA4FzA1C)

*High error rate detected in database connections*
"
`;

exports[`HoneycombAlertSource webhook payload data shows only user mentions when context.known_account.name is the only key 1`] = `
"URL: https://api.test.cyberworlds.com/posts
Channel: 6dvn4zd99fwvzehdcjhmb0h1s0

## 🚨 Trigger: Database Connection Error

[View Result](https://ui.honeycomb.io/cyberworlds/environments/production/result/znqGGwhdYP6/a/pwzJA4FzA1C)

*High error rate detected in database connections*

[Unknown](https://alpine.inc/mention/7dw297xezx6rs6qy4gjh6h5xx4#short) [Unknown](https://alpine.inc/mention/jttc8n911at1wxt0b8rm75n270#short)
"
`;

exports[`HoneycombAlertSource webhook payload data truncates results to 5 and shows remaining count 1`] = `
"URL: https://api.test.cyberworlds.com/posts
Channel: 6dvn4zd99fwvzehdcjhmb0h1s0

## 🚨 Trigger: Database Connection Error

[View Result](https://ui.honeycomb.io/cyberworlds/environments/production/result/znqGGwhdYP6/a/pwzJA4FzA1C)

*High error rate detected in database connections*

| error | Count |
| - | - |
| Error 1 | 1 |
| Error 2 | 2 |
| Error 3 | 3 |
| Error 4 | 4 |
| Error 5 | 5<span hidden data-column-widths="1,0.000001"/> |

*(2 more results...)*
"
`;
