// Jest Snapshot v1, https://goo.gl/fbAQLP

exports[`can delete multiple lines between two code blocks adjacent to each other (repro for syntax highlighting bug) 1`] = `
"<h1 class="content_title"><br /></h1>
<div class="content_codeBlockWrapper">
  <div class="content_codeBlockWrapper2" data-scrollbar="false">
    <code class="content_codeBlock">
      <div class="content_codeBlockLine">
        <div class="content_codeBlockLineContent">
          <span class="tok-keyword">enum</span>
          <span class="tok-typeName">LinkedList</span>
          &lt;
          <span class="tok-typeName">T</span>
          &gt;
          <span class="tok-punctuation">{</span>
        </div>
      </div>
      <div class="content_codeBlockLine">
        <div class="content_codeBlockLineContent">
          <span class="tok-variableName">None</span>
          <span class="tok-punctuation">,</span>
        </div>
      </div>
      <div class="content_codeBlockLine">
        <div class="content_codeBlockLineContent">
          <span class="tok-variableName">Cons</span>
          <span class="tok-punctuation">(</span>
          <span class="tok-typeName">T</span>
          <span class="tok-punctuation">,</span>
          <span class="tok-typeName">Box</span>
          &lt;
          <span class="tok-typeName">LinkedList</span>
          &lt;
          <span class="tok-typeName">T</span>
          &gt;&gt;
          <span class="tok-punctuation">)</span>
          <span class="tok-punctuation">,</span>
        </div>
      </div>
      <div class="content_codeBlockLine">
        <div class="content_codeBlockLineContent">
          <span class="tok-punctuation">}</span>
        </div>
      </div>
      <div class="content_codeBlockLine">
        <div class="content_codeBlockLineContent"><br /></div>
      </div>
      <div class="content_codeBlockLine">
        <div class="content_codeBlockLineContent">
          <span class="tok-macroName">println</span>
          <span class="tok-macroName">!</span>
          <span class="tok-punctuation">(</span>
          <span class="tok-string">"hi"</span>
          <span class="tok-punctuation">)</span>
          <span class="tok-punctuation">;</span>
        </div>
      </div>
    </code>
  </div>
</div>
<p class="content_paragraph"><br /></p>
<div class="content_codeBlockWrapper">
  <div class="content_codeBlockWrapper2" data-scrollbar="false">
    <code class="content_codeBlock">
      <div class="content_codeBlockLine">
        <div class="content_codeBlockLineContent">
          <span class="tok-punctuation">&lt;</span>
          <span class="tok-typeName">div</span>
          <span class="tok-punctuation">&gt;</span>
          Hi!
          <span class="tok-punctuation">&lt;/</span>
          <span class="tok-typeName">div</span>
          <span class="tok-punctuation">&gt;</span>
        </div>
      </div>
    </code>
  </div>
</div>
<p class="content_paragraph"><br /></p>
<p class="content_paragraph"><br /></p>
<p class="content_paragraph">asdfasdf</p>
"
`;

exports[`can delete multiple lines between two code blocks adjacent to each other (repro for syntax highlighting bug) 2`] = `
"===================================================================
--- old.html
+++ new.html
@@ -59,17 +59,9 @@
 <div class="content_codeBlockWrapper">
   <div class="content_codeBlockWrapper2" data-scrollbar="false">
     <code class="content_codeBlock">
       <div class="content_codeBlockLine">
-        <div class="content_codeBlockLineContent">
-          <span class="tok-punctuation">&lt;</span>
-          <span class="tok-typeName">div</span>
-          <span class="tok-punctuation">&gt;</span>
-          Hi!
-          <span class="tok-punctuation">&lt;/</span>
-          <span class="tok-typeName">div</span>
-          <span class="tok-punctuation">&gt;</span>
-        </div>
+        <div class="content_codeBlockLineContent"><br /></div>
       </div>
     </code>
   </div>
 </div>
"
`;

exports[`can delete multiple lines between two code blocks adjacent to each other (repro for syntax highlighting bug) 3`] = `
"===================================================================
--- old.html
+++ new.html
@@ -55,24 +55,7 @@
     </code>
   </div>
 </div>
 <p class="content_paragraph"><br /></p>
-<div class="content_codeBlockWrapper">
-  <div class="content_codeBlockWrapper2" data-scrollbar="false">
-    <code class="content_codeBlock">
-      <div class="content_codeBlockLine">
-        <div class="content_codeBlockLineContent">
-          <span class="tok-punctuation">&lt;</span>
-          <span class="tok-typeName">div</span>
-          <span class="tok-punctuation">&gt;</span>
-          Hi!
-          <span class="tok-punctuation">&lt;/</span>
-          <span class="tok-typeName">div</span>
-          <span class="tok-punctuation">&gt;</span>
-        </div>
-      </div>
-    </code>
-  </div>
-</div>
 <p class="content_paragraph"><br /></p>
 <p class="content_paragraph"><br /></p>
 <p class="content_paragraph">asdfasdf</p>
"
`;

exports[`can delete multiple lines between two code blocks adjacent to each other (repro for syntax highlighting bug) 4`] = `
"===================================================================
--- old.html
+++ new.html
@@ -55,24 +55,6 @@
     </code>
   </div>
 </div>
 <p class="content_paragraph"><br /></p>
-<div class="content_codeBlockWrapper">
-  <div class="content_codeBlockWrapper2" data-scrollbar="false">
-    <code class="content_codeBlock">
-      <div class="content_codeBlockLine">
-        <div class="content_codeBlockLineContent">
-          <span class="tok-punctuation">&lt;</span>
-          <span class="tok-typeName">div</span>
-          <span class="tok-punctuation">&gt;</span>
-          Hi!
-          <span class="tok-punctuation">&lt;/</span>
-          <span class="tok-typeName">div</span>
-          <span class="tok-punctuation">&gt;</span>
-        </div>
-      </div>
-    </code>
-  </div>
-</div>
 <p class="content_paragraph"><br /></p>
-<p class="content_paragraph"><br /></p>
 <p class="content_paragraph">asdfasdf</p>
"
`;

exports[`can highlight syntax after adding a new line 1`] = `
"===================================================================
--- old.html
+++ new.html
@@ -705,8 +705,22 @@
         </div>
       </div>
       <div class="content_codeBlockLine">
         <div class="content_codeBlockLineContent">
+          <span class="tok-variableName">console</span>
+          <span class="tok-operator">.</span>
+          <span class="tok-propertyName">log</span>
+          <span class="tok-punctuation">(</span>
+          <span class="tok-string">"does this work?"</span>
+          <span class="tok-punctuation">)</span>
+          <span class="tok-punctuation">;</span>
+        </div>
+      </div>
+      <div class="content_codeBlockLine">
+        <div class="content_codeBlockLineContent"></div>
+      </div>
+      <div class="content_codeBlockLine">
+        <div class="content_codeBlockLineContent">
           <span class="tok-keyword">const</span>
           <span class="tok-variableName tok-definition">val</span>
           <span class="tok-operator">=</span>
           <span class="tok-variableName">vals</span>
"
`;

exports[`can highlight syntax after deleting a code block 1`] = `
"===================================================================
--- old.html
+++ new.html
@@ -44,370 +44,8 @@
   <p class="content_paragraph">
     Every close bracket has a corresponding open bracket of the same type.
   </p>
 </div>
-<div class="content_codeBlockWrapper">
-  <div class="content_codeBlockWrapper2" data-scrollbar="false">
-    <code class="content_codeBlock">
-      <div class="content_codeBlockLine">
-        <div class="content_codeBlockLineContent">
-          <span class="tok-keyword">function</span>
-          <span class="tok-variableName tok-definition">isValid</span>
-          <span class="tok-punctuation">(</span>
-          <span class="tok-variableName tok-definition">string</span>
-          <span class="tok-punctuation">:</span>
-          <span class="tok-typeName">string</span>
-          <span class="tok-punctuation">)</span>
-          <span class="tok-punctuation">:</span>
-          <span class="tok-typeName">boolean</span>
-          <span class="tok-punctuation">{</span>
-        </div>
-      </div>
-      <div class="content_codeBlockLine">
-        <div class="content_codeBlockLineContent">
-          <span class="tok-keyword">const</span>
-          <span class="tok-variableName tok-definition">stack</span>
-          <span class="tok-punctuation">:</span>
-          <span class="tok-typeName">Array</span>
-          &lt;
-          <span class="tok-string">"("</span>
-          <span class="tok-operator">|</span>
-          <span class="tok-string">"["</span>
-          <span class="tok-operator">|</span>
-          <span class="tok-string">"{"</span>
-          &gt;
-          <span class="tok-operator">=</span>
-          <span class="tok-punctuation">[</span>
-          <span class="tok-punctuation">]</span>
-          <span class="tok-punctuation">;</span>
-        </div>
-      </div>
-      <div class="content_codeBlockLine">
-        <div class="content_codeBlockLineContent"><br /></div>
-      </div>
-      <div class="content_codeBlockLine">
-        <div class="content_codeBlockLineContent">
-          <span class="tok-keyword tok-controlKeyword">for</span>
-          <span class="tok-punctuation">(</span>
-          <span class="tok-keyword">let</span>
-          <span class="tok-variableName tok-definition">i</span>
-          <span class="tok-operator">=</span>
-          <span class="tok-number">0</span>
-          <span class="tok-punctuation">;</span>
-          <span class="tok-variableName">i</span>
-          <span class="tok-operator">&lt;</span>
-          <span class="tok-variableName">string</span>
-          <span class="tok-operator">.</span>
-          <span class="tok-propertyName">length</span>
-          <span class="tok-punctuation">;</span>
-          <span class="tok-variableName">i</span>
-          <span class="tok-operator">++</span>
-          <span class="tok-punctuation">)</span>
-          <span class="tok-punctuation">{</span>
-        </div>
-      </div>
-      <div class="content_codeBlockLine">
-        <div class="content_codeBlockLineContent">
-          <span class="tok-keyword">const</span>
-          <span class="tok-variableName tok-definition">c</span>
-          <span class="tok-operator">=</span>
-          <span class="tok-variableName">string</span>
-          <span class="tok-punctuation">[</span>
-          <span class="tok-variableName">i</span>
-          <span class="tok-punctuation">]</span>
-          <span class="tok-punctuation">;</span>
-        </div>
-      </div>
-      <div class="content_codeBlockLine">
-        <div class="content_codeBlockLineContent"><br /></div>
-      </div>
-      <div class="content_codeBlockLine">
-        <div class="content_codeBlockLineContent">
-          <span class="tok-keyword tok-controlKeyword">switch</span>
-          <span class="tok-punctuation">(</span>
-          <span class="tok-variableName">c</span>
-          <span class="tok-punctuation">)</span>
-          <span class="tok-punctuation">{</span>
-        </div>
-      </div>
-      <div class="content_codeBlockLine">
-        <div class="content_codeBlockLineContent">
-          <span class="tok-keyword tok-controlKeyword">case</span>
-          <span class="tok-string">"("</span>
-          <span class="tok-punctuation">:</span>
-          <span class="tok-punctuation">{</span>
-        </div>
-      </div>
-      <div class="content_codeBlockLine">
-        <div class="content_codeBlockLineContent">
-          <span class="tok-variableName">stack</span>
-          <span class="tok-operator">.</span>
-          <span class="tok-propertyName">push</span>
-          <span class="tok-punctuation">(</span>
-          <span class="tok-string">"("</span>
-          <span class="tok-punctuation">)</span>
-          <span class="tok-punctuation">;</span>
-        </div>
-      </div>
-      <div class="content_codeBlockLine">
-        <div class="content_codeBlockLineContent">
-          <span class="tok-keyword tok-controlKeyword">break</span>
-          <span class="tok-punctuation">;</span>
-        </div>
-      </div>
-      <div class="content_codeBlockLine">
-        <div class="content_codeBlockLineContent">
-          <span class="tok-punctuation">}</span>
-        </div>
-      </div>
-      <div class="content_codeBlockLine">
-        <div class="content_codeBlockLineContent">
-          <span class="tok-keyword tok-controlKeyword">case</span>
-          <span class="tok-string">")"</span>
-          <span class="tok-punctuation">:</span>
-          <span class="tok-punctuation">{</span>
-        </div>
-      </div>
-      <div class="content_codeBlockLine">
-        <div class="content_codeBlockLineContent">
-          <span class="tok-keyword">const</span>
-          <span class="tok-variableName tok-definition">c2</span>
-          <span class="tok-operator">=</span>
-          <span class="tok-variableName">stack</span>
-          <span class="tok-operator">.</span>
-          <span class="tok-propertyName">pop</span>
-          <span class="tok-punctuation">(</span>
-          <span class="tok-punctuation">)</span>
-          <span class="tok-punctuation">;</span>
-        </div>
-      </div>
-      <div class="content_codeBlockLine">
-        <div class="content_codeBlockLineContent">
-          <span class="tok-keyword tok-controlKeyword">if</span>
-          <span class="tok-punctuation">(</span>
-          <span class="tok-variableName">c2</span>
-          <span class="tok-operator">!==</span>
-          <span class="tok-string">"("</span>
-          <span class="tok-punctuation">)</span>
-          <span class="tok-keyword tok-controlKeyword">return</span>
-          <span class="tok-bool">false</span>
-          <span class="tok-punctuation">;</span>
-        </div>
-      </div>
-      <div class="content_codeBlockLine">
-        <div class="content_codeBlockLineContent">
-          <span class="tok-keyword tok-controlKeyword">break</span>
-          <span class="tok-punctuation">;</span>
-        </div>
-      </div>
-      <div class="content_codeBlockLine">
-        <div class="content_codeBlockLineContent">
-          <span class="tok-punctuation">}</span>
-        </div>
-      </div>
-      <div class="content_codeBlockLine">
-        <div class="content_codeBlockLineContent">
-          <span class="tok-keyword tok-controlKeyword">case</span>
-          <span class="tok-string">"["</span>
-          <span class="tok-punctuation">:</span>
-          <span class="tok-punctuation">{</span>
-        </div>
-      </div>
-      <div class="content_codeBlockLine">
-        <div class="content_codeBlockLineContent">
-          <span class="tok-variableName">stack</span>
-          <span class="tok-operator">.</span>
-          <span class="tok-propertyName">push</span>
-          <span class="tok-punctuation">(</span>
-          <span class="tok-string">"["</span>
-          <span class="tok-punctuation">)</span>
-          <span class="tok-punctuation">;</span>
-        </div>
-      </div>
-      <div class="content_codeBlockLine">
-        <div class="content_codeBlockLineContent">
-          <span class="tok-keyword tok-controlKeyword">break</span>
-          <span class="tok-punctuation">;</span>
-        </div>
-      </div>
-      <div class="content_codeBlockLine">
-        <div class="content_codeBlockLineContent">
-          <span class="tok-punctuation">}</span>
-        </div>
-      </div>
-      <div class="content_codeBlockLine">
-        <div class="content_codeBlockLineContent">
-          <span class="tok-keyword tok-controlKeyword">case</span>
-          <span class="tok-string">"]"</span>
-          <span class="tok-punctuation">:</span>
-          <span class="tok-punctuation">{</span>
-        </div>
-      </div>
-      <div class="content_codeBlockLine">
-        <div class="content_codeBlockLineContent">
-          <span class="tok-keyword">const</span>
-          <span class="tok-variableName tok-definition">c2</span>
-          <span class="tok-operator">=</span>
-          <span class="tok-variableName">stack</span>
-          <span class="tok-operator">.</span>
-          <span class="tok-propertyName">pop</span>
-          <span class="tok-punctuation">(</span>
-          <span class="tok-punctuation">)</span>
-          <span class="tok-punctuation">;</span>
-        </div>
-      </div>
-      <div class="content_codeBlockLine">
-        <div class="content_codeBlockLineContent">
-          <span class="tok-keyword tok-controlKeyword">if</span>
-          <span class="tok-punctuation">(</span>
-          <span class="tok-variableName">c2</span>
-          <span class="tok-operator">!==</span>
-          <span class="tok-string">"["</span>
-          <span class="tok-punctuation">)</span>
-          <span class="tok-keyword tok-controlKeyword">return</span>
-          <span class="tok-bool">false</span>
-          <span class="tok-punctuation">;</span>
-        </div>
-      </div>
-      <div class="content_codeBlockLine">
-        <div class="content_codeBlockLineContent">
-          <span class="tok-keyword tok-controlKeyword">break</span>
-          <span class="tok-punctuation">;</span>
-        </div>
-      </div>
-      <div class="content_codeBlockLine">
-        <div class="content_codeBlockLineContent">
-          <span class="tok-punctuation">}</span>
-        </div>
-      </div>
-      <div class="content_codeBlockLine">
-        <div class="content_codeBlockLineContent">
-          <span class="tok-keyword tok-controlKeyword">case</span>
-          <span class="tok-string">"{"</span>
-          <span class="tok-punctuation">:</span>
-          <span class="tok-punctuation">{</span>
-        </div>
-      </div>
-      <div class="content_codeBlockLine">
-        <div class="content_codeBlockLineContent">
-          <span class="tok-variableName">stack</span>
-          <span class="tok-operator">.</span>
-          <span class="tok-propertyName">push</span>
-          <span class="tok-punctuation">(</span>
-          <span class="tok-string">"{"</span>
-          <span class="tok-punctuation">)</span>
-          <span class="tok-punctuation">;</span>
-        </div>
-      </div>
-      <div class="content_codeBlockLine">
-        <div class="content_codeBlockLineContent">
-          <span class="tok-keyword tok-controlKeyword">break</span>
-          <span class="tok-punctuation">;</span>
-        </div>
-      </div>
-      <div class="content_codeBlockLine">
-        <div class="content_codeBlockLineContent">
-          <span class="tok-punctuation">}</span>
-        </div>
-      </div>
-      <div class="content_codeBlockLine">
-        <div class="content_codeBlockLineContent">
-          <span class="tok-keyword tok-controlKeyword">case</span>
-          <span class="tok-string">"}"</span>
-          <span class="tok-punctuation">:</span>
-          <span class="tok-punctuation">{</span>
-        </div>
-      </div>
-      <div class="content_codeBlockLine">
-        <div class="content_codeBlockLineContent">
-          <span class="tok-keyword">const</span>
-          <span class="tok-variableName tok-definition">c2</span>
-          <span class="tok-operator">=</span>
-          <span class="tok-variableName">stack</span>
-          <span class="tok-operator">.</span>
-          <span class="tok-propertyName">pop</span>
-          <span class="tok-punctuation">(</span>
-          <span class="tok-punctuation">)</span>
-          <span class="tok-punctuation">;</span>
-        </div>
-      </div>
-      <div class="content_codeBlockLine">
-        <div class="content_codeBlockLineContent">
-          <span class="tok-keyword tok-controlKeyword">if</span>
-          <span class="tok-punctuation">(</span>
-          <span class="tok-variableName">c2</span>
-          <span class="tok-operator">!==</span>
-          <span class="tok-string">"{"</span>
-          <span class="tok-punctuation">)</span>
-          <span class="tok-keyword tok-controlKeyword">return</span>
-          <span class="tok-bool">false</span>
-          <span class="tok-punctuation">;</span>
-        </div>
-      </div>
-      <div class="content_codeBlockLine">
-        <div class="content_codeBlockLineContent">
-          <span class="tok-keyword tok-controlKeyword">break</span>
-          <span class="tok-punctuation">;</span>
-        </div>
-      </div>
-      <div class="content_codeBlockLine">
-        <div class="content_codeBlockLineContent">
-          <span class="tok-punctuation">}</span>
-        </div>
-      </div>
-      <div class="content_codeBlockLine">
-        <div class="content_codeBlockLineContent">
-          <span class="tok-keyword tok-controlKeyword">default</span>
-          <span class="tok-punctuation">:</span>
-        </div>
-      </div>
-      <div class="content_codeBlockLine">
-        <div class="content_codeBlockLineContent">
-          <span class="tok-keyword tok-controlKeyword">throw</span>
-          <span class="tok-keyword">new</span>
-          <span class="tok-variableName">Error</span>
-          <span class="tok-punctuation">(</span>
-          <span class="tok-string2">\`Unexpected character: "</span>
-          <span class="tok-punctuation2">\${</span>
-          <span class="tok-variableName">c</span>
-          <span class="tok-punctuation2">}</span>
-          <span class="tok-string2">"\`</span>
-          <span class="tok-punctuation">)</span>
-          <span class="tok-punctuation">;</span>
-        </div>
-      </div>
-      <div class="content_codeBlockLine">
-        <div class="content_codeBlockLineContent">
-          <span class="tok-punctuation">}</span>
-        </div>
-      </div>
-      <div class="content_codeBlockLine">
-        <div class="content_codeBlockLineContent">
-          <span class="tok-punctuation">}</span>
-        </div>
-      </div>
-      <div class="content_codeBlockLine">
-        <div class="content_codeBlockLineContent"><br /></div>
-      </div>
-      <div class="content_codeBlockLine">
-        <div class="content_codeBlockLineContent">
-          <span class="tok-keyword tok-controlKeyword">return</span>
-          <span class="tok-variableName">stack</span>
-          <span class="tok-operator">.</span>
-          <span class="tok-propertyName">length</span>
-          <span class="tok-operator">===</span>
-          <span class="tok-number">0</span>
-          <span class="tok-punctuation">;</span>
-        </div>
-      </div>
-      <div class="content_codeBlockLine">
-        <div class="content_codeBlockLineContent">
-          <span class="tok-punctuation">}</span>
-        </div>
-      </div>
-    </code>
-  </div>
-</div>
 <p class="content_paragraph">
   You are given the heads of two sorted linked lists
   <code class="content_code">list1</code>
   and
"
`;

exports[`can highlight syntax after deleting line 1`] = `
"===================================================================
--- old.html
+++ new.html
@@ -331,21 +331,8 @@
         </div>
       </div>
       <div class="content_codeBlockLine">
         <div class="content_codeBlockLineContent">
-          <span class="tok-keyword tok-controlKeyword">if</span>
-          <span class="tok-punctuation">(</span>
-          <span class="tok-variableName">c2</span>
-          <span class="tok-operator">!==</span>
-          <span class="tok-string">"{"</span>
-          <span class="tok-punctuation">)</span>
-          <span class="tok-keyword tok-controlKeyword">return</span>
-          <span class="tok-bool">false</span>
-          <span class="tok-punctuation">;</span>
-        </div>
-      </div>
-      <div class="content_codeBlockLine">
-        <div class="content_codeBlockLineContent">
           <span class="tok-keyword tok-controlKeyword">break</span>
           <span class="tok-punctuation">;</span>
         </div>
       </div>
"
`;

exports[`can highlight syntax after inserting a code block 1`] = `
"===================================================================
--- old.html
+++ new.html
@@ -413,8 +413,25 @@
   and
   <code class="content_code">list2</code>
   .
 </p>
+<div class="content_codeBlockWrapper">
+  <div class="content_codeBlockWrapper2" data-scrollbar="false">
+    <code class="content_codeBlock">
+      <div class="content_codeBlockLine">
+        <div class="content_codeBlockLineContent">
+          <span class="tok-variableName">console</span>
+          <span class="tok-operator">.</span>
+          <span class="tok-propertyName">log</span>
+          <span class="tok-punctuation">(</span>
+          <span class="tok-string">"wow"</span>
+          <span class="tok-punctuation">)</span>
+          <span class="tok-punctuation">;</span>
+        </div>
+      </div>
+    </code>
+  </div>
+</div>
 <p class="content_paragraph">
   Merge the two lists into one
   <strong class="content_bold">sorted</strong>
   list. The list should be made by splicing together the nodes of the first two
"
`;

exports[`can highlight syntax after the line being edited (e.g. for comments) 1`] = `
"===================================================================
--- old.html
+++ new.html
@@ -262,147 +262,99 @@
           <span class="tok-variableName">c2</span>
           <span class="tok-operator">!==</span>
           <span class="tok-string">"["</span>
           <span class="tok-punctuation">)</span>
-          <span class="tok-keyword tok-controlKeyword">return</span>
-          <span class="tok-bool">false</span>
-          <span class="tok-punctuation">;</span>
+          <span class="tok-comment">/* return false;</span>
         </div>
       </div>
       <div class="content_codeBlockLine">
         <div class="content_codeBlockLineContent">
-          <span class="tok-keyword tok-controlKeyword">break</span>
-          <span class="tok-punctuation">;</span>
+          <span class="tok-comment">break;</span>
         </div>
       </div>
       <div class="content_codeBlockLine">
         <div class="content_codeBlockLineContent">
-          <span class="tok-punctuation">}</span>
+          <span class="tok-comment">}</span>
         </div>
       </div>
       <div class="content_codeBlockLine">
         <div class="content_codeBlockLineContent">
-          <span class="tok-keyword tok-controlKeyword">case</span>
-          <span class="tok-string">"{"</span>
-          <span class="tok-punctuation">:</span>
-          <span class="tok-punctuation">{</span>
+          <span class="tok-comment">case "{": {</span>
         </div>
       </div>
       <div class="content_codeBlockLine">
         <div class="content_codeBlockLineContent">
-          <span class="tok-variableName">stack</span>
-          <span class="tok-operator">.</span>
-          <span class="tok-propertyName">push</span>
-          <span class="tok-punctuation">(</span>
-          <span class="tok-string">"{"</span>
-          <span class="tok-punctuation">)</span>
-          <span class="tok-punctuation">;</span>
+          <span class="tok-comment">stack.push("{");</span>
         </div>
       </div>
       <div class="content_codeBlockLine">
         <div class="content_codeBlockLineContent">
-          <span class="tok-keyword tok-controlKeyword">break</span>
-          <span class="tok-punctuation">;</span>
+          <span class="tok-comment">break;</span>
         </div>
       </div>
       <div class="content_codeBlockLine">
         <div class="content_codeBlockLineContent">
-          <span class="tok-punctuation">}</span>
+          <span class="tok-comment">}</span>
         </div>
       </div>
       <div class="content_codeBlockLine">
         <div class="content_codeBlockLineContent">
-          <span class="tok-keyword tok-controlKeyword">case</span>
-          <span class="tok-string">"}"</span>
-          <span class="tok-punctuation">:</span>
-          <span class="tok-punctuation">{</span>
+          <span class="tok-comment">case "}": {</span>
         </div>
       </div>
       <div class="content_codeBlockLine">
         <div class="content_codeBlockLineContent">
-          <span class="tok-keyword">const</span>
-          <span class="tok-variableName tok-definition">c2</span>
-          <span class="tok-operator">=</span>
-          <span class="tok-variableName">stack</span>
-          <span class="tok-operator">.</span>
-          <span class="tok-propertyName">pop</span>
-          <span class="tok-punctuation">(</span>
-          <span class="tok-punctuation">)</span>
-          <span class="tok-punctuation">;</span>
+          <span class="tok-comment">const c2 = stack.pop();</span>
         </div>
       </div>
       <div class="content_codeBlockLine">
         <div class="content_codeBlockLineContent">
-          <span class="tok-keyword tok-controlKeyword">if</span>
-          <span class="tok-punctuation">(</span>
-          <span class="tok-variableName">c2</span>
-          <span class="tok-operator">!==</span>
-          <span class="tok-string">"{"</span>
-          <span class="tok-punctuation">)</span>
-          <span class="tok-keyword tok-controlKeyword">return</span>
-          <span class="tok-bool">false</span>
-          <span class="tok-punctuation">;</span>
+          <span class="tok-comment">if (c2 !== "{") return false;</span>
         </div>
       </div>
       <div class="content_codeBlockLine">
         <div class="content_codeBlockLineContent">
-          <span class="tok-keyword tok-controlKeyword">break</span>
-          <span class="tok-punctuation">;</span>
+          <span class="tok-comment">break;</span>
         </div>
       </div>
       <div class="content_codeBlockLine">
         <div class="content_codeBlockLineContent">
-          <span class="tok-punctuation">}</span>
+          <span class="tok-comment">}</span>
         </div>
       </div>
       <div class="content_codeBlockLine">
         <div class="content_codeBlockLineContent">
-          <span class="tok-keyword tok-controlKeyword">default</span>
-          <span class="tok-punctuation">:</span>
+          <span class="tok-comment">default:</span>
         </div>
       </div>
       <div class="content_codeBlockLine">
         <div class="content_codeBlockLineContent">
-          <span class="tok-keyword tok-controlKeyword">throw</span>
-          <span class="tok-keyword">new</span>
-          <span class="tok-variableName">Error</span>
-          <span class="tok-punctuation">(</span>
-          <span class="tok-string2">\`Unexpected character: "</span>
-          <span class="tok-punctuation2">\${</span>
-          <span class="tok-variableName">c</span>
-          <span class="tok-punctuation2">}</span>
-          <span class="tok-string2">"\`</span>
-          <span class="tok-punctuation">)</span>
-          <span class="tok-punctuation">;</span>
+          <span class="tok-comment">
+            throw new Error(\`Unexpected character: "\${c}"\`);
+          </span>
         </div>
       </div>
       <div class="content_codeBlockLine">
         <div class="content_codeBlockLineContent">
-          <span class="tok-punctuation">}</span>
+          <span class="tok-comment">}</span>
         </div>
       </div>
       <div class="content_codeBlockLine">
         <div class="content_codeBlockLineContent">
-          <span class="tok-punctuation">}</span>
+          <span class="tok-comment">}</span>
         </div>
       </div>
       <div class="content_codeBlockLine">
         <div class="content_codeBlockLineContent"><br /></div>
       </div>
       <div class="content_codeBlockLine">
         <div class="content_codeBlockLineContent">
-          <span class="tok-keyword tok-controlKeyword">return</span>
-          <span class="tok-variableName">stack</span>
-          <span class="tok-operator">.</span>
-          <span class="tok-propertyName">length</span>
-          <span class="tok-operator">===</span>
-          <span class="tok-number">0</span>
-          <span class="tok-punctuation">;</span>
+          <span class="tok-comment">return stack.length === 0;</span>
         </div>
       </div>
       <div class="content_codeBlockLine">
         <div class="content_codeBlockLineContent">
-          <span class="tok-punctuation">}</span>
+          <span class="tok-comment">}</span>
         </div>
       </div>
     </code>
   </div>
"
`;

exports[`can highlight syntax after the line being edited when deleting a line (e.g. for comments) 1`] = `
"===================================================================
--- old.html
+++ new.html
@@ -269,99 +269,140 @@
         </div>
       </div>
       <div class="content_codeBlockLine">
         <div class="content_codeBlockLineContent">
-          <span class="tok-comment">/*</span>
+          <span class="tok-keyword tok-controlKeyword">break</span>
+          <span class="tok-punctuation">;</span>
         </div>
       </div>
       <div class="content_codeBlockLine">
         <div class="content_codeBlockLineContent">
-          <span class="tok-comment">break;</span>
+          <span class="tok-punctuation">}</span>
         </div>
       </div>
       <div class="content_codeBlockLine">
         <div class="content_codeBlockLineContent">
-          <span class="tok-comment">}</span>
+          <span class="tok-keyword tok-controlKeyword">case</span>
+          <span class="tok-string">"{"</span>
+          <span class="tok-punctuation">:</span>
+          <span class="tok-punctuation">{</span>
         </div>
       </div>
       <div class="content_codeBlockLine">
         <div class="content_codeBlockLineContent">
-          <span class="tok-comment">case "{": {</span>
+          <span class="tok-variableName">stack</span>
+          <span class="tok-operator">.</span>
+          <span class="tok-propertyName">push</span>
+          <span class="tok-punctuation">(</span>
+          <span class="tok-string">"{"</span>
+          <span class="tok-punctuation">)</span>
+          <span class="tok-punctuation">;</span>
         </div>
       </div>
       <div class="content_codeBlockLine">
         <div class="content_codeBlockLineContent">
-          <span class="tok-comment">stack.push("{");</span>
+          <span class="tok-keyword tok-controlKeyword">break</span>
+          <span class="tok-punctuation">;</span>
         </div>
       </div>
       <div class="content_codeBlockLine">
         <div class="content_codeBlockLineContent">
-          <span class="tok-comment">break;</span>
+          <span class="tok-punctuation">}</span>
         </div>
       </div>
       <div class="content_codeBlockLine">
         <div class="content_codeBlockLineContent">
-          <span class="tok-comment">}</span>
+          <span class="tok-keyword tok-controlKeyword">case</span>
+          <span class="tok-string">"}"</span>
+          <span class="tok-punctuation">:</span>
+          <span class="tok-punctuation">{</span>
         </div>
       </div>
       <div class="content_codeBlockLine">
         <div class="content_codeBlockLineContent">
-          <span class="tok-comment">case "}": {</span>
+          <span class="tok-keyword">const</span>
+          <span class="tok-variableName tok-definition">c2</span>
+          <span class="tok-operator">=</span>
+          <span class="tok-variableName">stack</span>
+          <span class="tok-operator">.</span>
+          <span class="tok-propertyName">pop</span>
+          <span class="tok-punctuation">(</span>
+          <span class="tok-punctuation">)</span>
+          <span class="tok-punctuation">;</span>
         </div>
       </div>
       <div class="content_codeBlockLine">
         <div class="content_codeBlockLineContent">
-          <span class="tok-comment">const c2 = stack.pop();</span>
+          <span class="tok-keyword tok-controlKeyword">if</span>
+          <span class="tok-punctuation">(</span>
+          <span class="tok-variableName">c2</span>
+          <span class="tok-operator">!==</span>
+          <span class="tok-string">"{"</span>
+          <span class="tok-punctuation">)</span>
+          <span class="tok-keyword tok-controlKeyword">return</span>
+          <span class="tok-bool">false</span>
+          <span class="tok-punctuation">;</span>
         </div>
       </div>
       <div class="content_codeBlockLine">
         <div class="content_codeBlockLineContent">
-          <span class="tok-comment">if (c2 !== "{") return false;</span>
+          <span class="tok-keyword tok-controlKeyword">break</span>
+          <span class="tok-punctuation">;</span>
         </div>
       </div>
       <div class="content_codeBlockLine">
         <div class="content_codeBlockLineContent">
-          <span class="tok-comment">break;</span>
+          <span class="tok-punctuation">}</span>
         </div>
       </div>
       <div class="content_codeBlockLine">
         <div class="content_codeBlockLineContent">
-          <span class="tok-comment">}</span>
+          <span class="tok-keyword tok-controlKeyword">default</span>
+          <span class="tok-punctuation">:</span>
         </div>
       </div>
       <div class="content_codeBlockLine">
         <div class="content_codeBlockLineContent">
-          <span class="tok-comment">default:</span>
+          <span class="tok-keyword tok-controlKeyword">throw</span>
+          <span class="tok-keyword">new</span>
+          <span class="tok-variableName">Error</span>
+          <span class="tok-punctuation">(</span>
+          <span class="tok-string2">\`Unexpected character: "</span>
+          <span class="tok-punctuation2">\${</span>
+          <span class="tok-variableName">c</span>
+          <span class="tok-punctuation2">}</span>
+          <span class="tok-string2">"\`</span>
+          <span class="tok-punctuation">)</span>
+          <span class="tok-punctuation">;</span>
         </div>
       </div>
       <div class="content_codeBlockLine">
         <div class="content_codeBlockLineContent">
-          <span class="tok-comment">
-            throw new Error(\`Unexpected character: "\${c}"\`);
-          </span>
+          <span class="tok-punctuation">}</span>
         </div>
       </div>
       <div class="content_codeBlockLine">
         <div class="content_codeBlockLineContent">
-          <span class="tok-comment">}</span>
+          <span class="tok-punctuation">}</span>
         </div>
       </div>
       <div class="content_codeBlockLine">
-        <div class="content_codeBlockLineContent">
-          <span class="tok-comment">}</span>
-        </div>
-      </div>
-      <div class="content_codeBlockLine">
         <div class="content_codeBlockLineContent"><br /></div>
       </div>
       <div class="content_codeBlockLine">
         <div class="content_codeBlockLineContent">
-          <span class="tok-comment">return stack.length === 0;</span>
+          <span class="tok-keyword tok-controlKeyword">return</span>
+          <span class="tok-variableName">stack</span>
+          <span class="tok-operator">.</span>
+          <span class="tok-propertyName">length</span>
+          <span class="tok-operator">===</span>
+          <span class="tok-number">0</span>
+          <span class="tok-punctuation">;</span>
         </div>
       </div>
       <div class="content_codeBlockLine">
         <div class="content_codeBlockLineContent">
-          <span class="tok-comment">}</span>
+          <span class="tok-punctuation">}</span>
         </div>
       </div>
     </code>
   </div>
"
`;

exports[`can highlight syntax after updating a single line 1`] = `
"===================================================================
--- old.html
+++ new.html
@@ -574,15 +574,15 @@
       <div class="content_codeBlockLine">
         <div class="content_codeBlockLineContent">
           <span class="tok-keyword tok-controlKeyword">while</span>
           <span class="tok-punctuation">(</span>
-          <span class="tok-variableName">list1</span>
+          <span class="tok-variableName">list2</span>
           <span class="tok-operator">!==</span>
           <span class="tok-keyword">null</span>
           <span class="tok-operator">&amp;&amp;</span>
-          <span class="tok-variableName">list2</span>
-          <span class="tok-operator">!==</span>
           <span class="tok-keyword">null</span>
+          <span class="tok-operator">!==</span>
+          <span class="tok-variableName">list1</span>
           <span class="tok-punctuation">)</span>
           <span class="tok-punctuation">{</span>
         </div>
       </div>
"
`;

exports[`can highlight syntax after updating multiple lines 1`] = `
"===================================================================
--- old.html
+++ new.html
@@ -668,8 +668,9 @@
         <div class="content_codeBlockLineContent"><br /></div>
       </div>
       <div class="content_codeBlockLine">
         <div class="content_codeBlockLineContent">
+          <span class="tok-punctuation">{</span>
           <span class="tok-keyword">let</span>
           <span class="tok-variableName tok-definition">mergedList</span>
           <span class="tok-operator">=</span>
           <span class="tok-variableName">list1</span>
@@ -743,8 +744,9 @@
         <div class="content_codeBlockLineContent">
           <span class="tok-keyword tok-controlKeyword">return</span>
           <span class="tok-variableName">mergedList</span>
           <span class="tok-punctuation">;</span>
+          <span class="tok-punctuation">}</span>
         </div>
       </div>
       <div class="content_codeBlockLine">
         <div class="content_codeBlockLineContent">
"
`;

exports[`can initially highlight syntax 1`] = `
"<h1 class="content_title"><br /></h1>
<p class="content_paragraph">
  Given a string containing just the characters “
  <code class="content_code">(</code>
  ”, “
  <code class="content_code">)</code>
  ”, “
  <code class="content_code">[</code>
  ”, “
  <code class="content_code">]</code>
  ”, “
  <code class="content_code">{</code>
  ”, and “
  <code class="content_code">}</code>
  ” determine if the input string is valid.
</p>
<p class="content_paragraph">An input string is valid if:</p>
<div
  class="content_listItem content_orderedListItem"
  style="--content_listItemIndentation: 0"
  data-list-indent="0"
  data-list-number="0"
>
  <p class="content_paragraph">
    Open brackets must be closed by the same type of brackets.
  </p>
</div>
<div
  class="content_listItem content_orderedListItem"
  style="--content_listItemIndentation: 0"
  data-list-indent="0"
  data-list-number="0"
>
  <p class="content_paragraph">
    Open brackets must be closed in the correct order.
  </p>
</div>
<div
  class="content_listItem content_orderedListItem"
  style="--content_listItemIndentation: 0"
  data-list-indent="0"
  data-list-number="0"
>
  <p class="content_paragraph">
    Every close bracket has a corresponding open bracket of the same type.
  </p>
</div>
<div class="content_codeBlockWrapper">
  <div class="content_codeBlockWrapper2" data-scrollbar="false">
    <code class="content_codeBlock">
      <div class="content_codeBlockLine">
        <div class="content_codeBlockLineContent">
          <span class="tok-keyword">function</span>
          <span class="tok-variableName tok-definition">isValid</span>
          <span class="tok-punctuation">(</span>
          <span class="tok-variableName tok-definition">string</span>
          <span class="tok-punctuation">:</span>
          <span class="tok-typeName">string</span>
          <span class="tok-punctuation">)</span>
          <span class="tok-punctuation">:</span>
          <span class="tok-typeName">boolean</span>
          <span class="tok-punctuation">{</span>
        </div>
      </div>
      <div class="content_codeBlockLine">
        <div class="content_codeBlockLineContent">
          <span class="tok-keyword">const</span>
          <span class="tok-variableName tok-definition">stack</span>
          <span class="tok-punctuation">:</span>
          <span class="tok-typeName">Array</span>
          &lt;
          <span class="tok-string">"("</span>
          <span class="tok-operator">|</span>
          <span class="tok-string">"["</span>
          <span class="tok-operator">|</span>
          <span class="tok-string">"{"</span>
          &gt;
          <span class="tok-operator">=</span>
          <span class="tok-punctuation">[</span>
          <span class="tok-punctuation">]</span>
          <span class="tok-punctuation">;</span>
        </div>
      </div>
      <div class="content_codeBlockLine">
        <div class="content_codeBlockLineContent"><br /></div>
      </div>
      <div class="content_codeBlockLine">
        <div class="content_codeBlockLineContent">
          <span class="tok-keyword tok-controlKeyword">for</span>
          <span class="tok-punctuation">(</span>
          <span class="tok-keyword">let</span>
          <span class="tok-variableName tok-definition">i</span>
          <span class="tok-operator">=</span>
          <span class="tok-number">0</span>
          <span class="tok-punctuation">;</span>
          <span class="tok-variableName">i</span>
          <span class="tok-operator">&lt;</span>
          <span class="tok-variableName">string</span>
          <span class="tok-operator">.</span>
          <span class="tok-propertyName">length</span>
          <span class="tok-punctuation">;</span>
          <span class="tok-variableName">i</span>
          <span class="tok-operator">++</span>
          <span class="tok-punctuation">)</span>
          <span class="tok-punctuation">{</span>
        </div>
      </div>
      <div class="content_codeBlockLine">
        <div class="content_codeBlockLineContent">
          <span class="tok-keyword">const</span>
          <span class="tok-variableName tok-definition">c</span>
          <span class="tok-operator">=</span>
          <span class="tok-variableName">string</span>
          <span class="tok-punctuation">[</span>
          <span class="tok-variableName">i</span>
          <span class="tok-punctuation">]</span>
          <span class="tok-punctuation">;</span>
        </div>
      </div>
      <div class="content_codeBlockLine">
        <div class="content_codeBlockLineContent"><br /></div>
      </div>
      <div class="content_codeBlockLine">
        <div class="content_codeBlockLineContent">
          <span class="tok-keyword tok-controlKeyword">switch</span>
          <span class="tok-punctuation">(</span>
          <span class="tok-variableName">c</span>
          <span class="tok-punctuation">)</span>
          <span class="tok-punctuation">{</span>
        </div>
      </div>
      <div class="content_codeBlockLine">
        <div class="content_codeBlockLineContent">
          <span class="tok-keyword tok-controlKeyword">case</span>
          <span class="tok-string">"("</span>
          <span class="tok-punctuation">:</span>
          <span class="tok-punctuation">{</span>
        </div>
      </div>
      <div class="content_codeBlockLine">
        <div class="content_codeBlockLineContent">
          <span class="tok-variableName">stack</span>
          <span class="tok-operator">.</span>
          <span class="tok-propertyName">push</span>
          <span class="tok-punctuation">(</span>
          <span class="tok-string">"("</span>
          <span class="tok-punctuation">)</span>
          <span class="tok-punctuation">;</span>
        </div>
      </div>
      <div class="content_codeBlockLine">
        <div class="content_codeBlockLineContent">
          <span class="tok-keyword tok-controlKeyword">break</span>
          <span class="tok-punctuation">;</span>
        </div>
      </div>
      <div class="content_codeBlockLine">
        <div class="content_codeBlockLineContent">
          <span class="tok-punctuation">}</span>
        </div>
      </div>
      <div class="content_codeBlockLine">
        <div class="content_codeBlockLineContent">
          <span class="tok-keyword tok-controlKeyword">case</span>
          <span class="tok-string">")"</span>
          <span class="tok-punctuation">:</span>
          <span class="tok-punctuation">{</span>
        </div>
      </div>
      <div class="content_codeBlockLine">
        <div class="content_codeBlockLineContent">
          <span class="tok-keyword">const</span>
          <span class="tok-variableName tok-definition">c2</span>
          <span class="tok-operator">=</span>
          <span class="tok-variableName">stack</span>
          <span class="tok-operator">.</span>
          <span class="tok-propertyName">pop</span>
          <span class="tok-punctuation">(</span>
          <span class="tok-punctuation">)</span>
          <span class="tok-punctuation">;</span>
        </div>
      </div>
      <div class="content_codeBlockLine">
        <div class="content_codeBlockLineContent">
          <span class="tok-keyword tok-controlKeyword">if</span>
          <span class="tok-punctuation">(</span>
          <span class="tok-variableName">c2</span>
          <span class="tok-operator">!==</span>
          <span class="tok-string">"("</span>
          <span class="tok-punctuation">)</span>
          <span class="tok-keyword tok-controlKeyword">return</span>
          <span class="tok-bool">false</span>
          <span class="tok-punctuation">;</span>
        </div>
      </div>
      <div class="content_codeBlockLine">
        <div class="content_codeBlockLineContent">
          <span class="tok-keyword tok-controlKeyword">break</span>
          <span class="tok-punctuation">;</span>
        </div>
      </div>
      <div class="content_codeBlockLine">
        <div class="content_codeBlockLineContent">
          <span class="tok-punctuation">}</span>
        </div>
      </div>
      <div class="content_codeBlockLine">
        <div class="content_codeBlockLineContent">
          <span class="tok-keyword tok-controlKeyword">case</span>
          <span class="tok-string">"["</span>
          <span class="tok-punctuation">:</span>
          <span class="tok-punctuation">{</span>
        </div>
      </div>
      <div class="content_codeBlockLine">
        <div class="content_codeBlockLineContent">
          <span class="tok-variableName">stack</span>
          <span class="tok-operator">.</span>
          <span class="tok-propertyName">push</span>
          <span class="tok-punctuation">(</span>
          <span class="tok-string">"["</span>
          <span class="tok-punctuation">)</span>
          <span class="tok-punctuation">;</span>
        </div>
      </div>
      <div class="content_codeBlockLine">
        <div class="content_codeBlockLineContent">
          <span class="tok-keyword tok-controlKeyword">break</span>
          <span class="tok-punctuation">;</span>
        </div>
      </div>
      <div class="content_codeBlockLine">
        <div class="content_codeBlockLineContent">
          <span class="tok-punctuation">}</span>
        </div>
      </div>
      <div class="content_codeBlockLine">
        <div class="content_codeBlockLineContent">
          <span class="tok-keyword tok-controlKeyword">case</span>
          <span class="tok-string">"]"</span>
          <span class="tok-punctuation">:</span>
          <span class="tok-punctuation">{</span>
        </div>
      </div>
      <div class="content_codeBlockLine">
        <div class="content_codeBlockLineContent">
          <span class="tok-keyword">const</span>
          <span class="tok-variableName tok-definition">c2</span>
          <span class="tok-operator">=</span>
          <span class="tok-variableName">stack</span>
          <span class="tok-operator">.</span>
          <span class="tok-propertyName">pop</span>
          <span class="tok-punctuation">(</span>
          <span class="tok-punctuation">)</span>
          <span class="tok-punctuation">;</span>
        </div>
      </div>
      <div class="content_codeBlockLine">
        <div class="content_codeBlockLineContent">
          <span class="tok-keyword tok-controlKeyword">if</span>
          <span class="tok-punctuation">(</span>
          <span class="tok-variableName">c2</span>
          <span class="tok-operator">!==</span>
          <span class="tok-string">"["</span>
          <span class="tok-punctuation">)</span>
          <span class="tok-keyword tok-controlKeyword">return</span>
          <span class="tok-bool">false</span>
          <span class="tok-punctuation">;</span>
        </div>
      </div>
      <div class="content_codeBlockLine">
        <div class="content_codeBlockLineContent">
          <span class="tok-keyword tok-controlKeyword">break</span>
          <span class="tok-punctuation">;</span>
        </div>
      </div>
      <div class="content_codeBlockLine">
        <div class="content_codeBlockLineContent">
          <span class="tok-punctuation">}</span>
        </div>
      </div>
      <div class="content_codeBlockLine">
        <div class="content_codeBlockLineContent">
          <span class="tok-keyword tok-controlKeyword">case</span>
          <span class="tok-string">"{"</span>
          <span class="tok-punctuation">:</span>
          <span class="tok-punctuation">{</span>
        </div>
      </div>
      <div class="content_codeBlockLine">
        <div class="content_codeBlockLineContent">
          <span class="tok-variableName">stack</span>
          <span class="tok-operator">.</span>
          <span class="tok-propertyName">push</span>
          <span class="tok-punctuation">(</span>
          <span class="tok-string">"{"</span>
          <span class="tok-punctuation">)</span>
          <span class="tok-punctuation">;</span>
        </div>
      </div>
      <div class="content_codeBlockLine">
        <div class="content_codeBlockLineContent">
          <span class="tok-keyword tok-controlKeyword">break</span>
          <span class="tok-punctuation">;</span>
        </div>
      </div>
      <div class="content_codeBlockLine">
        <div class="content_codeBlockLineContent">
          <span class="tok-punctuation">}</span>
        </div>
      </div>
      <div class="content_codeBlockLine">
        <div class="content_codeBlockLineContent">
          <span class="tok-keyword tok-controlKeyword">case</span>
          <span class="tok-string">"}"</span>
          <span class="tok-punctuation">:</span>
          <span class="tok-punctuation">{</span>
        </div>
      </div>
      <div class="content_codeBlockLine">
        <div class="content_codeBlockLineContent">
          <span class="tok-keyword">const</span>
          <span class="tok-variableName tok-definition">c2</span>
          <span class="tok-operator">=</span>
          <span class="tok-variableName">stack</span>
          <span class="tok-operator">.</span>
          <span class="tok-propertyName">pop</span>
          <span class="tok-punctuation">(</span>
          <span class="tok-punctuation">)</span>
          <span class="tok-punctuation">;</span>
        </div>
      </div>
      <div class="content_codeBlockLine">
        <div class="content_codeBlockLineContent">
          <span class="tok-keyword tok-controlKeyword">if</span>
          <span class="tok-punctuation">(</span>
          <span class="tok-variableName">c2</span>
          <span class="tok-operator">!==</span>
          <span class="tok-string">"{"</span>
          <span class="tok-punctuation">)</span>
          <span class="tok-keyword tok-controlKeyword">return</span>
          <span class="tok-bool">false</span>
          <span class="tok-punctuation">;</span>
        </div>
      </div>
      <div class="content_codeBlockLine">
        <div class="content_codeBlockLineContent">
          <span class="tok-keyword tok-controlKeyword">break</span>
          <span class="tok-punctuation">;</span>
        </div>
      </div>
      <div class="content_codeBlockLine">
        <div class="content_codeBlockLineContent">
          <span class="tok-punctuation">}</span>
        </div>
      </div>
      <div class="content_codeBlockLine">
        <div class="content_codeBlockLineContent">
          <span class="tok-keyword tok-controlKeyword">default</span>
          <span class="tok-punctuation">:</span>
        </div>
      </div>
      <div class="content_codeBlockLine">
        <div class="content_codeBlockLineContent">
          <span class="tok-keyword tok-controlKeyword">throw</span>
          <span class="tok-keyword">new</span>
          <span class="tok-variableName">Error</span>
          <span class="tok-punctuation">(</span>
          <span class="tok-string2">\`Unexpected character: "</span>
          <span class="tok-punctuation2">\${</span>
          <span class="tok-variableName">c</span>
          <span class="tok-punctuation2">}</span>
          <span class="tok-string2">"\`</span>
          <span class="tok-punctuation">)</span>
          <span class="tok-punctuation">;</span>
        </div>
      </div>
      <div class="content_codeBlockLine">
        <div class="content_codeBlockLineContent">
          <span class="tok-punctuation">}</span>
        </div>
      </div>
      <div class="content_codeBlockLine">
        <div class="content_codeBlockLineContent">
          <span class="tok-punctuation">}</span>
        </div>
      </div>
      <div class="content_codeBlockLine">
        <div class="content_codeBlockLineContent"><br /></div>
      </div>
      <div class="content_codeBlockLine">
        <div class="content_codeBlockLineContent">
          <span class="tok-keyword tok-controlKeyword">return</span>
          <span class="tok-variableName">stack</span>
          <span class="tok-operator">.</span>
          <span class="tok-propertyName">length</span>
          <span class="tok-operator">===</span>
          <span class="tok-number">0</span>
          <span class="tok-punctuation">;</span>
        </div>
      </div>
      <div class="content_codeBlockLine">
        <div class="content_codeBlockLineContent">
          <span class="tok-punctuation">}</span>
        </div>
      </div>
    </code>
  </div>
</div>
<p class="content_paragraph">
  You are given the heads of two sorted linked lists
  <code class="content_code">list1</code>
  and
  <code class="content_code">list2</code>
  .
</p>
<p class="content_paragraph">
  Merge the two lists into one
  <strong class="content_bold">sorted</strong>
  list. The list should be made by splicing together the nodes of the first two
  lists.
</p>
<p class="content_paragraph">
  Return
  <em class="content_italic">the head of the merged linked list</em>
  .
</p>
<div class="content_codeBlockWrapper">
  <div class="content_codeBlockWrapper2" data-scrollbar="false">
    <code class="content_codeBlock">
      <div class="content_codeBlockLine">
        <div class="content_codeBlockLineContent">
          <span class="tok-keyword">class</span>
          <span class="tok-className tok-definition">ListNode</span>
          <span class="tok-punctuation">{</span>
        </div>
      </div>
      <div class="content_codeBlockLine">
        <div class="content_codeBlockLineContent">
          <span class="tok-propertyName tok-definition">val</span>
          <span class="tok-punctuation">:</span>
          <span class="tok-typeName">number</span>
          <span class="tok-punctuation">;</span>
        </div>
      </div>
      <div class="content_codeBlockLine">
        <div class="content_codeBlockLineContent">
          <span class="tok-propertyName tok-definition">next</span>
          <span class="tok-punctuation">:</span>
          <span class="tok-typeName">ListNode</span>
          <span class="tok-operator">|</span>
          <span class="tok-keyword">null</span>
          <span class="tok-punctuation">;</span>
        </div>
      </div>
      <div class="content_codeBlockLine">
        <div class="content_codeBlockLineContent">
          <span class="tok-propertyName tok-definition">constructor</span>
          <span class="tok-punctuation">(</span>
          <span class="tok-variableName tok-definition">val</span>
          ?
          <span class="tok-punctuation">:</span>
          <span class="tok-typeName">number</span>
          <span class="tok-punctuation">,</span>
          <span class="tok-variableName tok-definition">next</span>
          ?
          <span class="tok-punctuation">:</span>
          <span class="tok-typeName">ListNode</span>
          <span class="tok-operator">|</span>
          <span class="tok-keyword">null</span>
          <span class="tok-punctuation">)</span>
          <span class="tok-punctuation">{</span>
        </div>
      </div>
      <div class="content_codeBlockLine">
        <div class="content_codeBlockLineContent">
          <span class="tok-keyword">this</span>
          <span class="tok-operator">.</span>
          <span class="tok-propertyName">val</span>
          <span class="tok-operator">=</span>
          <span class="tok-punctuation">(</span>
          <span class="tok-variableName">val</span>
          <span class="tok-operator">===</span>
          <span class="tok-variableName">undefined</span>
          <span class="tok-operator">?</span>
          <span class="tok-number">0</span>
          <span class="tok-operator">:</span>
          <span class="tok-variableName">val</span>
          <span class="tok-punctuation">)</span>
          <span class="tok-punctuation">;</span>
        </div>
      </div>
      <div class="content_codeBlockLine">
        <div class="content_codeBlockLineContent">
          <span class="tok-keyword">this</span>
          <span class="tok-operator">.</span>
          <span class="tok-propertyName">next</span>
          <span class="tok-operator">=</span>
          <span class="tok-punctuation">(</span>
          <span class="tok-variableName">next</span>
          <span class="tok-operator">===</span>
          <span class="tok-variableName">undefined</span>
          <span class="tok-operator">?</span>
          <span class="tok-keyword">null</span>
          <span class="tok-operator">:</span>
          <span class="tok-variableName">next</span>
          <span class="tok-punctuation">)</span>
          <span class="tok-punctuation">;</span>
        </div>
      </div>
      <div class="content_codeBlockLine">
        <div class="content_codeBlockLineContent">
          <span class="tok-punctuation">}</span>
        </div>
      </div>
      <div class="content_codeBlockLine">
        <div class="content_codeBlockLineContent">
          <span class="tok-punctuation">}</span>
        </div>
      </div>
      <div class="content_codeBlockLine">
        <div class="content_codeBlockLineContent"><br /></div>
      </div>
      <div class="content_codeBlockLine">
        <div class="content_codeBlockLineContent">
          <span class="tok-keyword">function</span>
          <span class="tok-variableName tok-definition">mergeTwoLists</span>
          <span class="tok-punctuation">(</span>
        </div>
      </div>
      <div class="content_codeBlockLine">
        <div class="content_codeBlockLineContent">
          <span class="tok-variableName tok-definition">list1</span>
          <span class="tok-punctuation">:</span>
          <span class="tok-typeName">ListNode</span>
          <span class="tok-operator">|</span>
          <span class="tok-keyword">null</span>
          <span class="tok-punctuation">,</span>
        </div>
      </div>
      <div class="content_codeBlockLine">
        <div class="content_codeBlockLineContent">
          <span class="tok-variableName tok-definition">list2</span>
          <span class="tok-punctuation">:</span>
          <span class="tok-typeName">ListNode</span>
          <span class="tok-operator">|</span>
          <span class="tok-keyword">null</span>
          <span class="tok-punctuation">,</span>
        </div>
      </div>
      <div class="content_codeBlockLine">
        <div class="content_codeBlockLineContent">
          <span class="tok-punctuation">)</span>
          <span class="tok-punctuation">:</span>
          <span class="tok-typeName">ListNode</span>
          <span class="tok-operator">|</span>
          <span class="tok-keyword">null</span>
          <span class="tok-punctuation">{</span>
        </div>
      </div>
      <div class="content_codeBlockLine">
        <div class="content_codeBlockLineContent">
          <span class="tok-keyword">const</span>
          <span class="tok-variableName tok-definition">vals</span>
          <span class="tok-operator">=</span>
          <span class="tok-punctuation">[</span>
          <span class="tok-punctuation">]</span>
          <span class="tok-punctuation">;</span>
        </div>
      </div>
      <div class="content_codeBlockLine">
        <div class="content_codeBlockLineContent"><br /></div>
      </div>
      <div class="content_codeBlockLine">
        <div class="content_codeBlockLineContent">
          <span class="tok-keyword tok-controlKeyword">while</span>
          <span class="tok-punctuation">(</span>
          <span class="tok-variableName">list1</span>
          <span class="tok-operator">!==</span>
          <span class="tok-keyword">null</span>
          <span class="tok-operator">&amp;&amp;</span>
          <span class="tok-variableName">list2</span>
          <span class="tok-operator">!==</span>
          <span class="tok-keyword">null</span>
          <span class="tok-punctuation">)</span>
          <span class="tok-punctuation">{</span>
        </div>
      </div>
      <div class="content_codeBlockLine">
        <div class="content_codeBlockLineContent">
          <span class="tok-keyword tok-controlKeyword">if</span>
          <span class="tok-punctuation">(</span>
          <span class="tok-variableName">list1</span>
          <span class="tok-operator">.</span>
          <span class="tok-propertyName">val</span>
          <span class="tok-operator">&lt;=</span>
          <span class="tok-variableName">list2</span>
          <span class="tok-operator">.</span>
          <span class="tok-propertyName">val</span>
          <span class="tok-punctuation">)</span>
          <span class="tok-punctuation">{</span>
        </div>
      </div>
      <div class="content_codeBlockLine">
        <div class="content_codeBlockLineContent">
          <span class="tok-variableName">vals</span>
          <span class="tok-operator">.</span>
          <span class="tok-propertyName">push</span>
          <span class="tok-punctuation">(</span>
          <span class="tok-variableName">list1</span>
          <span class="tok-operator">.</span>
          <span class="tok-propertyName">val</span>
          <span class="tok-punctuation">)</span>
          <span class="tok-punctuation">;</span>
        </div>
      </div>
      <div class="content_codeBlockLine">
        <div class="content_codeBlockLineContent">
          <span class="tok-variableName">list1</span>
          <span class="tok-operator">=</span>
          <span class="tok-variableName">list1</span>
          <span class="tok-operator">.</span>
          <span class="tok-propertyName">next</span>
          <span class="tok-punctuation">;</span>
        </div>
      </div>
      <div class="content_codeBlockLine">
        <div class="content_codeBlockLineContent">
          <span class="tok-punctuation">}</span>
          <span class="tok-keyword tok-controlKeyword">else</span>
          <span class="tok-punctuation">{</span>
        </div>
      </div>
      <div class="content_codeBlockLine">
        <div class="content_codeBlockLineContent">
          <span class="tok-variableName">vals</span>
          <span class="tok-operator">.</span>
          <span class="tok-propertyName">push</span>
          <span class="tok-punctuation">(</span>
          <span class="tok-variableName">list2</span>
          <span class="tok-operator">.</span>
          <span class="tok-propertyName">val</span>
          <span class="tok-punctuation">)</span>
          <span class="tok-punctuation">;</span>
        </div>
      </div>
      <div class="content_codeBlockLine">
        <div class="content_codeBlockLineContent">
          <span class="tok-variableName">list2</span>
          <span class="tok-operator">=</span>
          <span class="tok-variableName">list2</span>
          <span class="tok-operator">.</span>
          <span class="tok-propertyName">next</span>
          <span class="tok-punctuation">;</span>
        </div>
      </div>
      <div class="content_codeBlockLine">
        <div class="content_codeBlockLineContent">
          <span class="tok-punctuation">}</span>
        </div>
      </div>
      <div class="content_codeBlockLine">
        <div class="content_codeBlockLineContent">
          <span class="tok-punctuation">}</span>
        </div>
      </div>
      <div class="content_codeBlockLine">
        <div class="content_codeBlockLineContent"><br /></div>
      </div>
      <div class="content_codeBlockLine">
        <div class="content_codeBlockLineContent">
          <span class="tok-keyword">let</span>
          <span class="tok-variableName tok-definition">mergedList</span>
          <span class="tok-operator">=</span>
          <span class="tok-variableName">list1</span>
          <span class="tok-operator">??</span>
          <span class="tok-variableName">list2</span>
          <span class="tok-punctuation">;</span>
        </div>
      </div>
      <div class="content_codeBlockLine">
        <div class="content_codeBlockLineContent"><br /></div>
      </div>
      <div class="content_codeBlockLine">
        <div class="content_codeBlockLineContent">
          <span class="tok-keyword tok-controlKeyword">for</span>
          <span class="tok-punctuation">(</span>
          <span class="tok-keyword">let</span>
          <span class="tok-variableName tok-definition">i</span>
          <span class="tok-operator">=</span>
          <span class="tok-variableName">vals</span>
          <span class="tok-operator">.</span>
          <span class="tok-propertyName">length</span>
          <span class="tok-operator">-</span>
          <span class="tok-number">1</span>
          <span class="tok-punctuation">;</span>
          <span class="tok-variableName">i</span>
          <span class="tok-operator">&gt;=</span>
          <span class="tok-number">0</span>
          <span class="tok-punctuation">;</span>
          <span class="tok-variableName">i</span>
          <span class="tok-operator">--</span>
          <span class="tok-punctuation">)</span>
          <span class="tok-punctuation">{</span>
        </div>
      </div>
      <div class="content_codeBlockLine">
        <div class="content_codeBlockLineContent">
          <span class="tok-keyword">const</span>
          <span class="tok-variableName tok-definition">val</span>
          <span class="tok-operator">=</span>
          <span class="tok-variableName">vals</span>
          <span class="tok-punctuation">[</span>
          <span class="tok-variableName">i</span>
          <span class="tok-punctuation">]</span>
          <span class="tok-operator">!</span>
          <span class="tok-punctuation">;</span>
        </div>
      </div>
      <div class="content_codeBlockLine">
        <div class="content_codeBlockLineContent">
          <span class="tok-variableName">mergedList</span>
          <span class="tok-operator">=</span>
          <span class="tok-keyword">new</span>
          <span class="tok-variableName">ListNode</span>
          <span class="tok-punctuation">(</span>
          <span class="tok-variableName">val</span>
          <span class="tok-punctuation">,</span>
          <span class="tok-variableName">mergedList</span>
          <span class="tok-punctuation">)</span>
          <span class="tok-punctuation">;</span>
        </div>
      </div>
      <div class="content_codeBlockLine">
        <div class="content_codeBlockLineContent">
          <span class="tok-punctuation">}</span>
        </div>
      </div>
      <div class="content_codeBlockLine">
        <div class="content_codeBlockLineContent"><br /></div>
      </div>
      <div class="content_codeBlockLine">
        <div class="content_codeBlockLineContent">
          <span class="tok-keyword tok-controlKeyword">return</span>
          <span class="tok-variableName">mergedList</span>
          <span class="tok-punctuation">;</span>
        </div>
      </div>
      <div class="content_codeBlockLine">
        <div class="content_codeBlockLineContent">
          <span class="tok-punctuation">}</span>
        </div>
      </div>
    </code>
  </div>
</div>
"
`;
