// Jest Snapshot v1, https://goo.gl/fbAQLP

exports[`sendAlertToAlpine GitHub build failure 1`] = `
"URL: https://api.test.cyberworlds.com/posts
Channel: c62kgg77zybqev6kkm77wza5gr

## 🚨 Build failed: CI

[View Run](https://github.com/cyberworlds/cyberworlds/actions/runs/123456789)

Repository: [app](https://github.com/cyberworlds/cyberworlds) • Commit: [\`abc123d\`](https://github.com/cyberworlds/cyberworlds/commit/abc123def456)

> Fix bug in user authentication

Author: [developer123](https://github.com/developer123) • Triggered by: [developer123](https://github.com/developer123)
"
`;

exports[`sendAlertToAlpine GitHub build failure with PR reference 1`] = `
"URL: https://api.test.cyberworlds.com/posts
Channel: c62kgg77zybqev6kkm77wza5gr

## 🚨 Build failed: CI

[View Run](https://github.com/cyberworlds/cyberworlds/actions/runs/123456789)

Repository: [app](https://github.com/cyberworlds/cyberworlds) • Commit: [\`abc123d\`](https://github.com/cyberworlds/cyberworlds/commit/abc123def456)

> Small alert formatting [(#746)](https://app.graphite.com/github/pr/cyberworlds/cyberworlds/746)

Author: [developer123](https://github.com/developer123) • Triggered by: [developer123](https://github.com/developer123)
"
`;

exports[`sendAlertToAlpine GitHub build failure with multiple PR references 1`] = `
"URL: https://api.test.cyberworlds.com/posts
Channel: c62kgg77zybqev6kkm77wza5gr

## 🚨 Build failed: CI

[View Run](https://github.com/cyberworlds/cyberworlds/actions/runs/123456789)

Repository: [app](https://github.com/cyberworlds/cyberworlds) • Commit: [\`abc123d\`](https://github.com/cyberworlds/cyberworlds/commit/abc123def456)

> Merge multiple PRs: feature A [(#123)](https://app.graphite.com/github/pr/cyberworlds/cyberworlds/123) and bug fix [(#456)](https://app.graphite.com/github/pr/cyberworlds/cyberworlds/456)

Author: [developer123](https://github.com/developer123) • Triggered by: [developer123](https://github.com/developer123)
"
`;

exports[`sendAlertToAlpine Honeycomb dataset iteration tries multiple datasets until finding results 1`] = `
"URL: https://api.test.cyberworlds.com/posts
Channel: 6dvn4zd99fwvzehdcjhmb0h1s0

## 🚨 Trigger: Database Connection Error

[View Result](https://ui.honeycomb.io/cyberworlds/environments/production/result/znqGGwhdYP6/a/pwzJA4FzA1C)

*High error rate detected in database connections*

---

\`\`\`text
display.message: Found in resource-service
\`\`\`
"
`;

exports[`sendAlertToAlpine Honeycomb displayFields and userTags auto-adds context names when displayFields are present 1`] = `
"URL: https://api.test.cyberworlds.com/posts
Channel: 6dvn4zd99fwvzehdcjhmb0h1s0

## 🚨 Trigger: Database Connection Error

[View Result](https://ui.honeycomb.io/cyberworlds/environments/production/result/znqGGwhdYP6/a/pwzJA4FzA1C)

*High error rate detected in database connections*

---

\`\`\`text
display.message: Error occurred
context.known_account.name: Josh Johnson
context.known_space.name: Engineering
\`\`\`

[Unknown](https://alpine.inc/s/test_space_id_for_snapshots/accounts/7dw297xezx6rs6qy4gjh6h5xx4?mention=short)
"
`;

exports[`sendAlertToAlpine Honeycomb displayFields and userTags does not fetch query results for resolved alerts 1`] = `
"URL: https://api.test.cyberworlds.com/posts
Channel: 6dvn4zd99fwvzehdcjhmb0h1s0

## ✅ Trigger: Database Connection Error

[View Result](https://ui.honeycomb.io/cyberworlds/environments/production/result/znqGGwhdYP6/a/pwzJA4FzA1C)

*High error rate detected in database connections*

**Measurement has returned to normal status.**
"
`;

exports[`sendAlertToAlpine Honeycomb displayFields and userTags fetches query results and displays specified fields 1`] = `
"URL: https://api.test.cyberworlds.com/posts
Channel: 6dvn4zd99fwvzehdcjhmb0h1s0

## 🚨 Trigger: Database Connection Error

[View Result](https://ui.honeycomb.io/cyberworlds/environments/production/result/znqGGwhdYP6/a/pwzJA4FzA1C)

*High error rate detected in database connections*

---

\`\`\`text
display.message: Failed to load user profile
http.path: /api/users/123
\`\`\`

\`\`\`text
display.message: Connection timeout
http.path: /api/data/fetch
\`\`\`
"
`;

exports[`sendAlertToAlpine Honeycomb displayFields and userTags handles no matching display fields gracefully 1`] = `
"URL: https://api.test.cyberworlds.com/posts
Channel: 6dvn4zd99fwvzehdcjhmb0h1s0

## 🚨 Trigger: Database Connection Error

[View Result](https://ui.honeycomb.io/cyberworlds/environments/production/result/znqGGwhdYP6/a/pwzJA4FzA1C)

*High error rate detected in database connections*
"
`;

exports[`sendAlertToAlpine Honeycomb displayFields and userTags shows user tags even without displayFields 1`] = `
"URL: https://api.test.cyberworlds.com/posts
Channel: 6dvn4zd99fwvzehdcjhmb0h1s0

## 🚨 Trigger: Database Connection Error

[View Result](https://ui.honeycomb.io/cyberworlds/environments/production/result/znqGGwhdYP6/a/pwzJA4FzA1C)

*High error rate detected in database connections*

[Unknown](https://alpine.inc/s/test_space_id_for_snapshots/accounts/7dw297xezx6rs6qy4gjh6h5xx4?mention=short) [Unknown](https://alpine.inc/s/test_space_id_for_snapshots/accounts/jttc8n911at1wxt0b8rm75n270?mention=short)
"
`;

exports[`sendAlertToAlpine Honeycomb displayFields and userTags shows user tags from context.known_account.name 1`] = `
"URL: https://api.test.cyberworlds.com/posts
Channel: 6dvn4zd99fwvzehdcjhmb0h1s0

## 🚨 Trigger: Database Connection Error

[View Result](https://ui.honeycomb.io/cyberworlds/environments/production/result/znqGGwhdYP6/a/pwzJA4FzA1C)

*High error rate detected in database connections*

---

\`\`\`text
display.message: Failed to load user profile
http.path: /api/users/123
context.known_account.name: Josh Johnson
\`\`\`

\`\`\`text
display.message: Connection timeout
http.path: /api/data/fetch
context.known_account.name: Rachel Date
\`\`\`

\`\`\`text
display.message: Another error
http.path: /api/other
context.known_account.name: Josh Johnson
\`\`\`

[Unknown](https://alpine.inc/s/test_space_id_for_snapshots/accounts/7dw297xezx6rs6qy4gjh6h5xx4?mention=short) [Unknown](https://alpine.inc/s/test_space_id_for_snapshots/accounts/jttc8n911at1wxt0b8rm75n270?mention=short)
"
`;

exports[`sendAlertToAlpine Honeycomb displayFields and userTags truncates results to 3 and shows remaining count 1`] = `
"URL: https://api.test.cyberworlds.com/posts
Channel: 6dvn4zd99fwvzehdcjhmb0h1s0

## 🚨 Trigger: Database Connection Error

[View Result](https://ui.honeycomb.io/cyberworlds/environments/production/result/znqGGwhdYP6/a/pwzJA4FzA1C)

*High error rate detected in database connections*

---

\`\`\`text
display.message: Error 1
\`\`\`

\`\`\`text
display.message: Error 2
\`\`\`

\`\`\`text
display.message: Error 3
\`\`\`

*(2 more results...)*
"
`;

exports[`sendAlertToAlpine Honeycomb event alert 1`] = `
"URL: https://api.test.cyberworlds.com/posts
Channel: 6dvn4zd99fwvzehdcjhmb0h1s0

## ℹ️ Event: User Signups

[View Result](https://ui.honeycomb.io/cyberworlds/environments/production/result/znqGGwhdYP6/a/pwzJA4FzA1C)

*New user registration detected*
"
`;

exports[`sendAlertToAlpine Honeycomb event alert with custom emoji 1`] = `
"URL: https://api.test.cyberworlds.com/posts
Channel: 6dvn4zd99fwvzehdcjhmb0h1s0

## 🎉 Event: User Signups

[View Result](https://ui.honeycomb.io/cyberworlds/environments/production/result/znqGGwhdYP6/a/pwzJA4FzA1C)

*New user registration detected*
"
`;

exports[`sendAlertToAlpine Honeycomb resolved alert 1`] = `
"URL: https://api.test.cyberworlds.com/posts
Channel: 6dvn4zd99fwvzehdcjhmb0h1s0

## ✅ Trigger: Database Connection Error

[View Result](https://ui.honeycomb.io/cyberworlds/environments/production/result/znqGGwhdYP6/a/pwzJA4FzA1C)

*High error rate detected in database connections*

**Measurement has returned to normal status.**
"
`;

exports[`sendAlertToAlpine Honeycomb staging environment alert 1`] = `
"URL: https://api.test.cyberworlds.com/posts
Channel: 6dvn4zd99fwvzehdcjhmb0h1s0

## 🚨 Trigger: Database Connection Error

[View Result](https://ui.honeycomb.io/cyberworlds/environments/production/result/znqGGwhdYP6/a/pwzJA4FzA1C)

*High error rate detected in database connections*

Environment: staging
"
`;

exports[`sendAlertToAlpine Honeycomb triggered alert 1`] = `
"URL: https://api.test.cyberworlds.com/posts
Channel: 6dvn4zd99fwvzehdcjhmb0h1s0

## 🚨 Trigger: Database Connection Error

[View Result](https://ui.honeycomb.io/cyberworlds/environments/production/result/znqGGwhdYP6/a/pwzJA4FzA1C)

*High error rate detected in database connections*
"
`;

exports[`sendAlertToAlpine Honeycomb webhook payload data extracts user tags from webhook groupsTriggered 1`] = `
"URL: https://api.test.cyberworlds.com/posts
Channel: 6dvn4zd99fwvzehdcjhmb0h1s0

## 🚨 Trigger: Database Connection Error

[View Result](https://ui.honeycomb.io/cyberworlds/environments/production/result/znqGGwhdYP6/a/pwzJA4FzA1C)

*High error rate detected in database connections*

---

\`\`\`text
context.known_account.name: Josh Johnson
Result: 1
\`\`\`

\`\`\`text
context.known_account.name: Rachel Date
Result: 2
\`\`\`

\`\`\`text
context.known_account.name: Josh Johnson
Result: 3
\`\`\`

[Unknown](https://alpine.inc/s/test_space_id_for_snapshots/accounts/7dw297xezx6rs6qy4gjh6h5xx4?mention=short) [Unknown](https://alpine.inc/s/test_space_id_for_snapshots/accounts/jttc8n911at1wxt0b8rm75n270?mention=short)
"
`;

exports[`sendAlertToAlpine Honeycomb webhook payload data uses groupsTriggered from webhook payload instead of API 1`] = `
"URL: https://api.test.cyberworlds.com/posts
Channel: 6dvn4zd99fwvzehdcjhmb0h1s0

## 🚨 Trigger: Database Connection Error

[View Result](https://ui.honeycomb.io/cyberworlds/environments/production/result/znqGGwhdYP6/a/pwzJA4FzA1C)

*High error rate detected in database connections*

---

\`\`\`text
error.type: ConnectionError
context.known_account.name: Josh Johnson
Result: 5
\`\`\`

\`\`\`text
error.type: TimeoutError
context.known_account.name: Rachel Date
Result: 3
\`\`\`

[Unknown](https://alpine.inc/s/test_space_id_for_snapshots/accounts/7dw297xezx6rs6qy4gjh6h5xx4?mention=short) [Unknown](https://alpine.inc/s/test_space_id_for_snapshots/accounts/jttc8n911at1wxt0b8rm75n270?mention=short)
"
`;

exports[`sendAlertToAlpine PagerDuty acknowledged incident 1`] = `
"URL: https://api.test.cyberworlds.com/posts
Channel: qt3xsqhh2fed7t8fyqnbfw0m3g

## 🚨 Incident: Database Connection Pool Exhausted

[View Incident](https://cyberworlds.pagerduty.com/incidents/incident-123) • [Escalation Policy](https://cyberworlds.pagerduty.com/escalation_policies/eng-escalation)

Incident #42 • Status: <mark class="highlight-red">\`triggered\`</mark>

Service: [Database Service](https://cyberworlds.pagerduty.com/services/database-service)

Priority: \`P1 - Critical\` • Urgency: \`high\`

Incident Type: \`Database Error\`

Created: \`2023-11-10T10:00:00Z\`

Assignees: [On-Call Engineer](https://cyberworlds.pagerduty.com/users/oncall-eng)
"
`;

exports[`sendAlertToAlpine PagerDuty resolved incident 1`] = `
"URL: https://api.test.cyberworlds.com/posts
Channel: qt3xsqhh2fed7t8fyqnbfw0m3g

## ✅ Incident: Database Connection Pool Exhausted

[View Incident](https://cyberworlds.pagerduty.com/incidents/incident-123) • [Escalation Policy](https://cyberworlds.pagerduty.com/escalation_policies/eng-escalation)

Incident #42 • Status: <mark class="highlight-red">\`resolved\`</mark>

---

**The incident has been resolved.**

Database connection pool was restarted and issue resolved

---

Service: [Database Service](https://cyberworlds.pagerduty.com/services/database-service)

Priority: \`P1 - Critical\` • Urgency: \`high\`

Incident Type: \`Database Error\`

Created: \`2023-11-10T10:00:00Z\`

Assignees: [On-Call Engineer](https://cyberworlds.pagerduty.com/users/oncall-eng)
"
`;

exports[`sendAlertToAlpine PagerDuty triggered incident 1`] = `
"URL: https://api.test.cyberworlds.com/posts
Channel: qt3xsqhh2fed7t8fyqnbfw0m3g

## 🚨 Incident: Database Connection Pool Exhausted

[View Incident](https://cyberworlds.pagerduty.com/incidents/incident-123) • [Escalation Policy](https://cyberworlds.pagerduty.com/escalation_policies/eng-escalation)

Incident #42 • Status: <mark class="highlight-red">\`triggered\`</mark>

Service: [Database Service](https://cyberworlds.pagerduty.com/services/database-service)

Priority: \`P1 - Critical\` • Urgency: \`high\`

Incident Type: \`Database Error\`

Created: \`2023-11-10T10:00:00Z\`

Assignees: [On-Call Engineer](https://cyberworlds.pagerduty.com/users/oncall-eng)
"
`;
